Microchip MPLAB XC8 Compiler V1.33 ()

Linker command line:

--edf=/opt/microchip/xc8/v1.33/dat/en_msgs.txt -cs \
  -h+dist/xc8_18F2420/production/temp_sensor_pic18lf2420.X.production.sym \
  --cmf=dist/xc8_18F2420/production/temp_sensor_pic18lf2420.X.production.cmf \
  -z -Q18F2420 -o/tmp/cgtAGCQId \
  -Mdist/xc8_18F2420/production/temp_sensor_pic18lf2420.X.production.map \
  -E1 -ver=XC8 -ASTACK=0EFh-02ffh -pstack=STACK -ACODE=00h-03FFFh \
  -ACONST=00h-03FFFh -ASMALLCONST=0300h-03FFhx61 -AMEDIUMCONST=0300h-03FFFh \
  -ACOMRAM=01h-07Fh -AABS1=00h-02FFh -ABIGRAM=01h-02FFh \
  -ARAM=080h-0FFh,0100h-01FFhx2 -ABANK0=080h-0FFh -ABANK1=0100h-01FFh \
  -ABANK2=0200h-02FFh -ASFR=0F80h-0FFFh \
  -preset_vec=00h,intcode=08h,intcodelo,powerup,init,end_init \
  -pramtop=0300h -psmallconst=SMALLCONST -pmediumconst=MEDIUMCONST \
  -pconst=CONST -AFARRAM=00h-00h -ACONFIG=0300000h-030000Dh -pconfig=CONFIG \
  -AIDLOC=0200000h-0200007h -pidloc=IDLOC -AEEDATA=0F00000h-0F000FFh \
  -peeprom_data=EEDATA \
  -prdata=COMRAM,nvrram=COMRAM,nvbit=COMRAM,rbss=COMRAM,rbit=COMRAM \
  -pfarbss=FARRAM,fardata=FARRAM,nvFARRAM=FARRAM \
  -pintsave_regs=BIGRAM,bigbss=BIGRAM,bigdata=BIGRAM -pbss=RAM \
  -pidata=CODE,irdata=CODE,ibigdata=CODE,ifardata=CODE /tmp/cgt1L8Jno.obj \
  dist/xc8_18F2420/production/temp_sensor_pic18lf2420.X.production.obj 

Object code version is 3.11

Machine type is 18F2420

Call graph: (short form)




                Name                               Link     Load   Length Selector   Space Scale
/tmp/cgt1L8Jno.obj
                end_init                             18       18        4        4       0
                reset_vec                             0        0        4        0       0
                idloc                            200000   200000        8   200000       0
                config                           300000   300000        E   300000       0
dist/xc8_18F2420/production/temp_sensor_pic18lf2420.X.production.obj
                intcode                               8        8       10        4       0
                smallconst                          300      300       22      180       0
                intcode_body                        4BE      4BE      13E      191       0
                text33                              D72      D72       16      191       0
                text32                              7F0      7F0       C0      191       0
                text31                              C26      C26       30      191       0
                text30                              DE6      DE6        E      191       0
                text29                              AF0      AF0       44      191       0
                text28                              CA6      CA6       24      191       0
                text27                              B76      B76       42      191       0
                text26                              DAC      DAC       10      191       0
                text25                              D9A      D9A       12      191       0
                text24                              DF4      DF4        C      191       0
                text23                              E00      E00        8      191       0
                text22                              D2C      D2C       1A      191       0
                text21                              C80      C80       26      191       0
                text20                              8B0      8B0       9C      191       0
                text19                              D5C      D5C       16      191       0
                text18                              D46      D46       16      191       0
                text17                              D88      D88       12      191       0
                text16                              CEC      CEC       22      191       0
                text15                              CCA      CCA       22      191       0
                text14                              9E4      9E4       60      191       0
                text13                              C56      C56       2A      191       0
                text12                              322      322      19C      191       0
                text11                              718      718       D8      191       0
                text10                              E08      E08        4      191       0
                text9                               DD8      DD8        E      191       0
                text8                               B34      B34       42      191       0
                text7                               BB8      BB8       3A      191       0
                text6                               A44      A44       5A      191       0
                text5                               94C      94C       98      191       0
                text4                               DCA      DCA        E      191       0
                text3                               DBC      DBC        E      191       0
                text2                               5FC      5FC      11C      191       0
                text1                               D0E      D0E       1E      191       0
                text0                               A9E      A9E       52      191       0
                cstackCOMRAM                         46       46       22        1       1
                cstackBANK0                          E4       E4        B       80       1
                bssBANK0                             80       80       64       80       1
                dataCOMRAM                           68       68        1        1       1
                bssCOMRAM                             1        1       45        1       1
                cinit                               BF2      BF2       34      191       0
                idataCOMRAM                         E0C      E0C        1      191       0

TOTAL           Name                               Link     Load   Length     Space
        CLASS   STACK          

        CLASS   CODE           
                end_init                             18       18        4         0
                intcode                               8        8       10         0
                reset_vec                             0        0        4         0
                intcode_body                        4BE      4BE      13E         0
                text33                              D72      D72       16         0
                text32                              7F0      7F0       C0         0
                text31                              C26      C26       30         0
                text30                              DE6      DE6        E         0
                text29                              AF0      AF0       44         0
                text28                              CA6      CA6       24         0
                text27                              B76      B76       42         0
                text26                              DAC      DAC       10         0
                text25                              D9A      D9A       12         0
                text24                              DF4      DF4        C         0
                text23                              E00      E00        8         0
                text22                              D2C      D2C       1A         0
                text21                              C80      C80       26         0
                text20                              8B0      8B0       9C         0
                text19                              D5C      D5C       16         0
                text18                              D46      D46       16         0
                text17                              D88      D88       12         0
                text16                              CEC      CEC       22         0
                text15                              CCA      CCA       22         0
                text14                              9E4      9E4       60         0
                text13                              C56      C56       2A         0
                text12                              322      322      19C         0
                text11                              718      718       D8         0
                text10                              E08      E08        4         0
                text9                               DD8      DD8        E         0
                text8                               B34      B34       42         0
                text7                               BB8      BB8       3A         0
                text6                               A44      A44       5A         0
                text5                               94C      94C       98         0
                text4                               DCA      DCA        E         0
                text3                               DBC      DBC        E         0
                text2                               5FC      5FC      11C         0
                text1                               D0E      D0E       1E         0
                text0                               A9E      A9E       52         0
                cinit                               BF2      BF2       34         0
                idataCOMRAM                         E0C      E0C        1         0

        CLASS   CONST          

        CLASS   SMALLCONST     
                smallconst                          300      300       22         0

        CLASS   MEDIUMCONST    

        CLASS   COMRAM         
                cstackCOMRAM                         46       46       22         1
                dataCOMRAM                           68       68        1         1
                bssCOMRAM                             1        1       45         1

        CLASS   ABS1           

        CLASS   BIGRAM         

        CLASS   RAM            

        CLASS   BANK0          
                cstackBANK0                          E4       E4        B         1
                bssBANK0                             80       80       64         1

        CLASS   BANK1          

        CLASS   BANK2          

        CLASS   SFR            

        CLASS   FARRAM         

        CLASS   CONFIG         
                config                           300000   300000        E         0

        CLASS   IDLOC          
                idloc                            200000   200000        8         0

        CLASS   EEDATA         



SEGMENTS        Name                           Load    Length   Top    Selector   Space  Class

                reset_vec                      000000  000004  000004         0       0  CODE    
                bssCOMRAM                      000001  000068  000069         1       1  COMRAM  
                intcode                        000008  000014  00001C         4       0  CODE    
                bssBANK0                       000080  00006F  0000EF        80       1  BANK0   
                smallconst                     000300  000022  000322       180       0  SMALLCON
                text12                         000322  000AEB  000E0D       191       0  CODE    
                idloc                          200000  000008  200008    200000       0  IDLOC   
                config                         300000  00000E  30000E    300000       0  CONFIG  


UNUSED ADDRESS RANGES

        Name                Unused          Largest block    Delta
        BANK0            0000EF-0000FF               11
        BANK1            000100-0001FF              100
        BANK2            000200-0002FF              100
        BIGRAM           000069-00007F               17
                         0000EF-0002FF              211
        CODE             000004-000007                4
                         00001C-0002FF              2E4
                         000E0D-003FFF             31F3
        COMRAM           000069-00007F               17
        CONST            000004-000007                4
                         00001C-0002FF              2E4
                         000E0D-003FFF             31F3
        EEDATA           F00000-F000FF              100
        MEDIUMCONST      000E0D-003FFF             31F3
        RAM              0000EF-0002FF              100
        SFR              000F80-000FFF               80
        SMALLCONST       000E0D-003FFF              100
        STACK            0000EF-0002FF              211

                                  Symbol Table

?_hyt221_getHumidity                 cstackCOMRAM 000056
?_hyt221_getTemp                     cstackCOMRAM 000056
_ADCON0                              (abs)        000FC2
_ADCON1                              (abs)        000FC1
_ADCON2                              (abs)        000FC0
_ADRESH                              (abs)        000FC4
_ADRESL                              (abs)        000FC3
_BAUDCON                             (abs)        000FB8
_INTCONbits                          (abs)        000FF2
_LATA                                (abs)        000F89
_LATAbits                            (abs)        000F89
_LATBbits                            (abs)        000F8A
_LATCbits                            (abs)        000F8B
_OSCCON                              (abs)        000FD3
_OSCCONbits                          (abs)        000FD3
_OSCTUNE                             (abs)        000F9B
_PIE1bits                            (abs)        000F9D
_PIR1bits                            (abs)        000F9E
_PIR2bits                            (abs)        000FA1
_PORTA                               (abs)        000F80
_PORTBbits                           (abs)        000F81
_PORTCbits                           (abs)        000F82
_RCREG                               (abs)        000FAE
_RCSTA                               (abs)        000FAB
_RCSTAbits                           (abs)        000FAB
_SPBRG                               (abs)        000FAF
_SPBRGH                              (abs)        000FB0
_SSPADD                              (abs)        000FC8
_SSPBUF                              (abs)        000FC9
_SSPCON1                             (abs)        000FC6
_SSPCON2                             (abs)        000FC5
_SSPCON2bits                         (abs)        000FC5
_SSPSTAT                             (abs)        000FC7
_SSPSTATbits                         (abs)        000FC7
_T0CON                               (abs)        000FD5
_T0CONbits                           (abs)        000FD5
_T1CON                               (abs)        000FCD
_TMR0                                (abs)        000FD6
_TMR1H                               (abs)        000FCF
_TMR1L                               (abs)        000FCE
_TRISA                               (abs)        000F92
_TRISBbits                           (abs)        000F93
_TRISC                               (abs)        000F94
_TRISCbits                           (abs)        000F94
_TXREG                               (abs)        000FAD
_TXSTA                               (abs)        000FAC
_TXSTAbits                           (abs)        000FAC
_UART_errorStatus                    bssCOMRAM    00000E
_UART_readIndex                      bssCOMRAM    000016
_UART_rxBuffer                       bssBANK0     000080
_UART_rxBufferNb                     bssCOMRAM    000017
_UART_writeIndex                     bssCOMRAM    000018
_WDTCONbits                          (abs)        000FD1
__CFG_BOREN$SBORDIS                  (abs)        000000
__CFG_BORV$3                         (abs)        000000
__CFG_CCP2MX$PORTC                   (abs)        000000
__CFG_CP0$OFF                        (abs)        000000
__CFG_CP1$OFF                        (abs)        000000
__CFG_CPB$OFF                        (abs)        000000
__CFG_CPD$OFF                        (abs)        000000
__CFG_DEBUG$ON                       (abs)        000000
__CFG_EBTR0$OFF                      (abs)        000000
__CFG_EBTR1$OFF                      (abs)        000000
__CFG_EBTRB$OFF                      (abs)        000000
__CFG_FCMEN$OFF                      (abs)        000000
__CFG_IESO$OFF                       (abs)        000000
__CFG_LPT1OSC$OFF                    (abs)        000000
__CFG_LVP$OFF                        (abs)        000000
__CFG_MCLRE$ON                       (abs)        000000
__CFG_OSC$INTIO67                    (abs)        000000
__CFG_PBADEN$ON                      (abs)        000000
__CFG_PWRT$OFF                       (abs)        000000
__CFG_STVREN$ON                      (abs)        000000
__CFG_WDT$OFF                        (abs)        000000
__CFG_WDTPS$16384                    (abs)        000000
__CFG_WRT0$OFF                       (abs)        000000
__CFG_WRT1$OFF                       (abs)        000000
__CFG_WRTB$OFF                       (abs)        000000
__CFG_WRTC$OFF                       (abs)        000000
__CFG_WRTD$OFF                       (abs)        000000
__CFG_XINST$OFF                      (abs)        000000
__HRAM                               (abs)        000000
__Habs1                              abs1         000000
__Hbank0                             bank0        000000
__Hbank1                             bank1        000000
__Hbank2                             bank2        000000
__Hbigbss                            bigbss       000000
__Hbigdata                           bigdata      000000
__Hbigram                            bigram       000000
__Hbss                               bss          000000
__HbssBANK0                          bssBANK0     000000
__HbssCOMRAM                         bssCOMRAM    000000
__Hcinit                             cinit        000000
__Hclrtext                           clrtext      000000
__Hcomram                            comram       000000
__Hconfig                            config       30000E
__Hconst                             const        000000
__HcstackBANK0                       cstackBANK0  000000
__HcstackCOMRAM                      cstackCOMRAM 000000
__Hdata                              data         000000
__HdataCOMRAM                        dataCOMRAM   000000
__Heeprom_data                       eeprom_data  000000
__Hend_init                          end_init     00001C
__Hfarbss                            farbss       000000
__Hfardata                           fardata      000000
__Hibigdata                          ibigdata     000000
__Hidata                             idata        000000
__HidataCOMRAM                       idataCOMRAM  000000
__Hidloc                             idloc        200008
__Hifardata                          ifardata     000000
__Hinit                              init         000018
__Hintcode                           intcode      000018
__Hintcode_body                      intcode_body 000000
__Hintcodelo                         intcodelo    000018
__Hintentry                          intentry     000000
__Hintret                            intret       000000
__Hintsave_regs                      intsave_regs 000000
__Hirdata                            irdata       000000
__Hmediumconst                       mediumconst  000000
__HnvFARRAM                          nvFARRAM     000000
__Hnvbit                             nvbit        000000
__Hnvrram                            nvrram       000000
__Hparam                             rparam       000000
__Hpowerup                           powerup      000018
__Hram                               ram          000000
__Hramtop                            ramtop       000300
__Hrbit                              rbit         000000
__Hrbss                              rbss         000000
__Hrdata                             rdata        000000
__Hreset_vec                         reset_vec    000004
__Hrparam                            rparam       000000
__Hsfr                               sfr          000000
__Hsmallconst                        smallconst   000322
__Hspace_0                           (abs)        30000E
__Hspace_1                           (abs)        0000EF
__Hspace_2                           (abs)        000000
__Hstack                             stack        000000
__Hstruct                            struct       000000
__Htemp                              temp         000000
__Htext                              text         000000
__Htext0                             text0        000000
__Htext1                             text1        000000
__Htext10                            text10       000000
__Htext11                            text11       000000
__Htext12                            text12       000000
__Htext13                            text13       000000
__Htext14                            text14       000000
__Htext15                            text15       000000
__Htext16                            text16       000000
__Htext17                            text17       000000
__Htext18                            text18       000000
__Htext19                            text19       000000
__Htext2                             text2        000000
__Htext20                            text20       000000
__Htext21                            text21       000000
__Htext22                            text22       000000
__Htext23                            text23       000000
__Htext24                            text24       000000
__Htext25                            text25       000000
__Htext26                            text26       000000
__Htext27                            text27       000000
__Htext28                            text28       000000
__Htext29                            text29       000000
__Htext3                             text3        000000
__Htext30                            text30       000000
__Htext31                            text31       000000
__Htext32                            text32       000000
__Htext33                            text33       000000
__Htext4                             text4        000000
__Htext5                             text5        000000
__Htext6                             text6        000000
__Htext7                             text7        000000
__Htext8                             text8        000000
__Htext9                             text9        000000
__LRAM                               (abs)        000001
__Labs1                              abs1         000000
__Lbank0                             bank0        000000
__Lbank1                             bank1        000000
__Lbank2                             bank2        000000
__Lbigbss                            bigbss       000000
__Lbigdata                           bigdata      000000
__Lbigram                            bigram       000000
__Lbss                               bss          000000
__LbssBANK0                          bssBANK0     000000
__LbssCOMRAM                         bssCOMRAM    000000
__Lcinit                             cinit        000000
__Lclrtext                           clrtext      000000
__Lcomram                            comram       000000
__Lconfig                            config       300000
__Lconst                             const        000000
__LcstackBANK0                       cstackBANK0  000000
__LcstackCOMRAM                      cstackCOMRAM 000000
__Ldata                              data         000000
__LdataCOMRAM                        dataCOMRAM   000000
__Leeprom_data                       eeprom_data  000000
__Lend_init                          end_init     000018
__Lfarbss                            farbss       000000
__Lfardata                           fardata      000000
__Libigdata                          ibigdata     000000
__Lidata                             idata        000000
__LidataCOMRAM                       idataCOMRAM  000000
__Lidloc                             idloc        200000
__Lifardata                          ifardata     000000
__Linit                              init         000018
__Lintcode                           intcode      000008
__Lintcode_body                      intcode_body 000000
__Lintcodelo                         intcodelo    000018
__Lintentry                          intentry     000000
__Lintret                            intret       000000
__Lintsave_regs                      intsave_regs 000000
__Lirdata                            irdata       000000
__Lmediumconst                       mediumconst  000000
__LnvFARRAM                          nvFARRAM     000000
__Lnvbit                             nvbit        000000
__Lnvrram                            nvrram       000000
__Lparam                             rparam       000000
__Lpowerup                           powerup      000018
__Lram                               ram          000000
__Lramtop                            ramtop       000300
__Lrbit                              rbit         000000
__Lrbss                              rbss         000000
__Lrdata                             rdata        000000
__Lreset_vec                         reset_vec    000000
__Lrparam                            rparam       000000
__Lsfr                               sfr          000000
__Lsmallconst                        smallconst   000300
__Lspace_0                           (abs)        000000
__Lspace_1                           (abs)        000000
__Lspace_2                           (abs)        000000
__Lstack                             stack        000000
__Lstruct                            struct       000000
__Ltemp                              temp         000000
__Ltext                              text         000000
__Ltext0                             text0        000000
__Ltext1                             text1        000000
__Ltext10                            text10       000000
__Ltext11                            text11       000000
__Ltext12                            text12       000000
__Ltext13                            text13       000000
__Ltext14                            text14       000000
__Ltext15                            text15       000000
__Ltext16                            text16       000000
__Ltext17                            text17       000000
__Ltext18                            text18       000000
__Ltext19                            text19       000000
__Ltext2                             text2        000000
__Ltext20                            text20       000000
__Ltext21                            text21       000000
__Ltext22                            text22       000000
__Ltext23                            text23       000000
__Ltext24                            text24       000000
__Ltext25                            text25       000000
__Ltext26                            text26       000000
__Ltext27                            text27       000000
__Ltext28                            text28       000000
__Ltext29                            text29       000000
__Ltext3                             text3        000000
__Ltext30                            text30       000000
__Ltext31                            text31       000000
__Ltext32                            text32       000000
__Ltext33                            text33       000000
__Ltext4                             text4        000000
__Ltext5                             text5        000000
__Ltext6                             text6        000000
__Ltext7                             text7        000000
__Ltext8                             text8        000000
__Ltext9                             text9        000000
__S0                                 (abs)        30000E
__S1                                 (abs)        0000EF
__S2                                 (abs)        000000
___inthi_sp                          stack        000000
___intlo_sp                          stack        000000
___sp                                stack        000000
__accesstop                          (abs)        000080
__activetblptr                       (abs)        000002
__end_of__initialization             cinit        000C1C
__end_of_batt_launch_acq             text29       000B34
__end_of_calibration                 text32       0008B0
__end_of_frameData                   smallconst   000321
__end_of_hyt221_getHumidity          text28       000CCA
__end_of_hyt221_getTemp              text27       000BB8
__end_of_hyt221_launch_acq           text21       000CA6
__end_of_hyt221_operation            text20       00094C
__end_of_i2c_setup                   text31       000C56
__end_of_i2c_trig_start              text24       000E00
__end_of_i2c_trig_stop               text23       000E08
__end_of_i2c_wait_idle               text26       000DBC
__end_of_i2c_wait_ready              text25       000DAC
__end_of_isr_hi                      intcode_body 0005FC
__end_of_leds_green_glitch           text19       000D72
__end_of_leds_red_and_yellow_glitch  text22       000D46
__end_of_leds_red_glitch             text33       000D88
__end_of_leds_yellow_glitch          text18       000D5C
__end_of_main                        text0        000AF0
__end_of_main_loop                   text2        000718
__end_of_memcpy                      text8        000B76
__end_of_timer0_wait_262ms           text16       000D0E
__end_of_timer0_wait_65ms            text15       000CEC
__end_of_timer0_wait_ready           text17       000D9A
__end_of_uart_read                   text14       000A44
__end_of_uart_setup                  text1        000D2C
__end_of_uart_write                  text7        000BF2
__end_of_zb_decodage                 text12       0004BE
__end_of_zb_doChecksum               text13       000C80
__end_of_zb_handle                   text11       0007F0
__end_of_zb_handle_getStatus         text10       000E0C
__end_of_zb_handle_resetStatus       text9        000DE6
__end_of_zb_handle_sendData          text5        0009E4
__end_of_zb_handle_setHumidityRaw    text4        000DD8
__end_of_zb_handle_setTempRaw        text3        000DCA
__end_of_zb_handle_setbatVolt        text30       000DF4
__end_of_zigbee_appendChecksum       text6        000A9E
__initialization                     cinit        000BF2
__mediumconst                        mediumconst  000000
__pbssBANK0                          bssBANK0     000080
__pbssCOMRAM                         bssCOMRAM    000001
__pcinit                             cinit        000BF2
__pcstackBANK0                       cstackBANK0  0000E4
__pcstackCOMRAM                      cstackCOMRAM 000046
__pdataCOMRAM                        dataCOMRAM   000068
__pidataCOMRAM                       idataCOMRAM  000E0C
__pintcode                           intcode      000008
__pintcode_body                      intcode_body 0004BE
__psmallconst                        smallconst   000300
__ptext0                             text0        000A9E
__ptext1                             text1        000D0E
__ptext10                            text10       000E08
__ptext11                            text11       000718
__ptext12                            text12       000322
__ptext13                            text13       000C56
__ptext14                            text14       0009E4
__ptext15                            text15       000CCA
__ptext16                            text16       000CEC
__ptext17                            text17       000D88
__ptext18                            text18       000D46
__ptext19                            text19       000D5C
__ptext2                             text2        0005FC
__ptext20                            text20       0008B0
__ptext21                            text21       000C80
__ptext22                            text22       000D2C
__ptext23                            text23       000E00
__ptext24                            text24       000DF4
__ptext25                            text25       000D9A
__ptext26                            text26       000DAC
__ptext27                            text27       000B76
__ptext28                            text28       000CA6
__ptext29                            text29       000AF0
__ptext3                             text3        000DBC
__ptext30                            text30       000DE6
__ptext31                            text31       000C26
__ptext32                            text32       0007F0
__ptext33                            text33       000D72
__ptext4                             text4        000DCA
__ptext5                             text5        00094C
__ptext6                             text6        000A44
__ptext7                             text7        000BB8
__ptext8                             text8        000B34
__ptext9                             text9        000DD8
__ramtop                             ramtop       000300
__size_of_batt_launch_acq            (abs)        000000
__size_of_calibration                (abs)        000000
__size_of_hyt221_getHumidity         (abs)        000000
__size_of_hyt221_getTemp             (abs)        000000
__size_of_hyt221_launch_acq          (abs)        000000
__size_of_hyt221_operation           (abs)        000000
__size_of_i2c_setup                  (abs)        000000
__size_of_i2c_trig_start             (abs)        000000
__size_of_i2c_trig_stop              (abs)        000000
__size_of_i2c_wait_idle              (abs)        000000
__size_of_i2c_wait_ready             (abs)        000000
__size_of_isr_hi                     (abs)        000000
__size_of_leds_green_glitch          (abs)        000000
__size_of_leds_red_and_yellow_glitch (abs)        000000
__size_of_leds_red_glitch            (abs)        000000
__size_of_leds_yellow_glitch         (abs)        000000
__size_of_main                       (abs)        000000
__size_of_main_loop                  (abs)        000000
__size_of_memcpy                     (abs)        000000
__size_of_timer0_wait_262ms          (abs)        000000
__size_of_timer0_wait_65ms           (abs)        000000
__size_of_timer0_wait_ready          (abs)        000000
__size_of_uart_read                  (abs)        000000
__size_of_uart_setup                 (abs)        000000
__size_of_uart_write                 (abs)        000000
__size_of_zb_decodage                (abs)        000000
__size_of_zb_doChecksum              (abs)        000000
__size_of_zb_handle                  (abs)        000000
__size_of_zb_handle_getStatus        (abs)        000000
__size_of_zb_handle_resetStatus      (abs)        000000
__size_of_zb_handle_sendData         (abs)        000000
__size_of_zb_handle_setHumidityRaw   (abs)        000000
__size_of_zb_handle_setTempRaw       (abs)        000000
__size_of_zb_handle_setbatVolt       (abs)        000000
__size_of_zigbee_appendChecksum      (abs)        000000
__smallconst                         smallconst   000300
_batt_counter                        bssCOMRAM    000011
_batt_launch_acq                     text29       000AF0
_batt_value                          bssCOMRAM    000014
_calibr                              bssCOMRAM    000019
_calibration                         text32       0007F0
_frameData                           smallconst   000301
_gData                               bssCOMRAM    00000A
_hyt221_getHumidity                  text28       000CA6
_hyt221_getTemp                      text27       000B76
_hyt221_launch_acq                   text21       000C80
_hyt221_operation                    text20       0008B0
_i2c_interupt_done                   bssCOMRAM    00001A
_i2c_setup                           text31       000C26
_i2c_trig_start                      text24       000DF4
_i2c_trig_stop                       text23       000E00
_i2c_wait_idle                       text26       000DAC
_i2c_wait_ready                      text25       000D9A
_isr_hi                              intcode      000008
_leds_green_glitch                   text19       000D5C
_leds_red_and_yellow_glitch          text22       000D2C
_leds_red_glitch                     text33       000D72
_leds_yellow_glitch                  text18       000D46
_main                                text0        000A9E
_main_loop                           text2        0005FC
_main_state                          bssCOMRAM    00001B
_memcpy                              text8        000B34
_sensor_data                         bssCOMRAM    000001
_timer0_interupt_done                bssCOMRAM    00001C
_timer0_wait_262ms                   text16       000CEC
_timer0_wait_65ms                    text15       000CCA
_timer0_wait_ready                   text17       000D88
_uart_read                           text14       0009E4
_uart_setup                          text1        000D0E
_uart_write                          text7        000BB8
_wait_join_counter                   bssCOMRAM    00001D
_zb_counter                          bssCOMRAM    00001E
_zb_decodage                         text12       000322
_zb_doChecksum                       text13       000C56
_zb_frameID                          dataCOMRAM   000068
_zb_frameReceived                    bssBANK0     0000B2
_zb_frameToSend                      bssCOMRAM    000020
_zb_handle                           text11       000718
_zb_handle_getStatus                 text10       000E08
_zb_handle_resetStatus               text9        000DD8
_zb_handle_sendData                  text5        00094C
_zb_handle_setHumidityRaw            text4        000DCA
_zb_handle_setTempRaw                text3        000DBC
_zb_handle_setbatVolt                text30       000DE6
_zb_status                           bssCOMRAM    00001F
_zigbee_appendChecksum               text6        000A44
calibration@tryCounter               cstackCOMRAM 000058
calibration@w                        cstackCOMRAM 000059
end_of_initialization                cinit        000C1C
hyt221_getHumidity@humidity_raw      cstackCOMRAM 000058
hyt221_getTemp@temp_raw              cstackCOMRAM 00005A
hyt221_operation@bDeviceDataAreStale cstackCOMRAM 000059
hyt221_operation@index               cstackCOMRAM 00005A
int_func                             intcode_body 0004BE
intlevel0                            text         000000
intlevel1                            text         000000
intlevel2                            text         000000
intlevel3                            text         000000
isr_hi@dummy                         cstackCOMRAM 000055
main_loop@hyt221_status              cstackCOMRAM 000067
main_loop@zb_status                  cstackCOMRAM 000066
memcpy@d                             cstackCOMRAM 00005C
memcpy@d1                            cstackCOMRAM 000056
memcpy@n                             cstackCOMRAM 00005A
memcpy@s                             cstackCOMRAM 00005E
memcpy@s1                            cstackCOMRAM 000058
stackhi                              (abs)        0002FF
stacklo                              (abs)        0000EF
start                                init         000018
start_initialization                 cinit        000BF2
uart_read@b                          cstackCOMRAM 000059
uart_read@buffer                     cstackCOMRAM 000056
uart_read@expectedNbRead             cstackCOMRAM 00005B
uart_read@i                          cstackCOMRAM 00005C
uart_read@nbToRead                   cstackCOMRAM 000058
uart_write@b                         cstackCOMRAM 000058
uart_write@buffer                    cstackCOMRAM 000056
uart_write@i                         cstackCOMRAM 00005B
uart_write@size                      cstackCOMRAM 00005A
zb_decodage@bCorrectlyDecoded        cstackCOMRAM 000065
zb_decodage@checksum                 cstackCOMRAM 000064
zb_decodage@decodedFrame             cstackCOMRAM 00005E
zb_decodage@frame                    cstackCOMRAM 00005B
zb_decodage@frameSize                cstackCOMRAM 00005D
zb_doChecksum@checksum               cstackCOMRAM 000059
zb_doChecksum@frame                  cstackCOMRAM 000056
zb_doChecksum@i                      cstackCOMRAM 00005A
zb_doChecksum@size                   cstackCOMRAM 000058
zb_handle@bSuccess                   cstackBANK0  0000E6
zb_handle@decodedFrame               cstackBANK0  0000E7
zb_handle@sizeOfNextData             cstackBANK0  0000E4
zb_handle_sendData@frameSize         cstackCOMRAM 000065
zb_handle_setHumidityRaw@humidityRaw cstackCOMRAM 00005A
zb_handle_setTempRaw@tempRaw         cstackCOMRAM 00005C
zb_handle_setbatVolt@battVoltage     cstackCOMRAM 000056
zigbee_appendChecksum@buffer         cstackCOMRAM 00005B
zigbee_appendChecksum@sizeFrame      cstackCOMRAM 00005D


FUNCTION INFORMATION:

 *************** function _main *****************
 Defined at:
		line 31 in file "main.c"
 Parameters:    Size  Location     Type
		None
 Auto vars:     Size  Location     Type
		None
 Return value:  Size  Location     Type
                  2   94[COMRAM] int 
 Registers used:
		wreg, fsr1l, fsr1h, fsr2l, fsr2h, status,2, status,0, tblptrl, tblptrh, tblptru, prodl, prodh, cstack
 Tracked objects:
		On entry : 
		On exit  : 
		Unchanged: 
 Data sizes:     COMRAM   BANK0   BANK1   BANK2
      Params:         0       0       0       0
      Locals:         0       0       0       0
      Temps:          0       0       0       0
      Totals:         0       0       0       0
Total ram usage:        0 bytes
 Hardware stack levels required when called:    5
 This function calls:
		_calibration
		_i2c_setup
		_main_loop
		_uart_setup
 This function is called by:
		Startup code after reset
 This function uses a non-reentrant model


 *************** function _uart_setup *****************
 Defined at:
		line 11 in file "uart.c"
 Parameters:    Size  Location     Type
		None
 Auto vars:     Size  Location     Type
		None
 Return value:  Size  Location     Type
		None               void
 Registers used:
		wreg, status,2
 Tracked objects:
		On entry : 
		On exit  : 
		Unchanged: 
 Data sizes:     COMRAM   BANK0   BANK1   BANK2
      Params:         0       0       0       0
      Locals:         0       0       0       0
      Temps:          0       0       0       0
      Totals:         0       0       0       0
Total ram usage:        0 bytes
 Hardware stack levels used:    1
 Hardware stack levels required when called:    1
 This function calls:
		Nothing
 This function is called by:
		_main
 This function uses a non-reentrant model


 *************** function _main_loop *****************
 Defined at:
		line 79 in file "main.c"
 Parameters:    Size  Location     Type
		None
 Auto vars:     Size  Location     Type
  hyt221_statu    1   33[COMRAM] enum E3778
  zb_status       1   32[COMRAM] enum E3761
 Return value:  Size  Location     Type
		None               void
 Registers used:
		wreg, fsr1l, fsr1h, fsr2l, fsr2h, status,2, status,0, tblptrl, tblptrh, tblptru, prodl, prodh, cstack
 Tracked objects:
		On entry : 
		On exit  : 
		Unchanged: 
 Data sizes:     COMRAM   BANK0   BANK1   BANK2
      Params:         0       0       0       0
      Locals:         2       0       0       0
      Temps:          0       0       0       0
      Totals:         2       0       0       0
Total ram usage:        2 bytes
 Hardware stack levels used:    1
 Hardware stack levels required when called:    4
 This function calls:
		_batt_launch_acq
		_hyt221_getHumidity
		_hyt221_getTemp
		_hyt221_launch_acq
		_hyt221_operation
		_leds_green_glitch
		_leds_red_glitch
		_leds_yellow_glitch
		_timer0_wait_262ms
		_timer0_wait_65ms
		_zb_handle
		_zb_handle_getStatus
		_zb_handle_resetStatus
		_zb_handle_sendData
		_zb_handle_setHumidityRaw
		_zb_handle_setTempRaw
 This function is called by:
		_main
 This function uses a non-reentrant model


 *************** function _zb_handle_setTempRaw *****************
 Defined at:
		line 215 in file "zb_handle.c"
 Parameters:    Size  Location     Type
  tempRaw         2   22[COMRAM] unsigned int 
 Auto vars:     Size  Location     Type
		None
 Return value:  Size  Location     Type
		None               void
 Registers used:
		wreg, status,2
 Tracked objects:
		On entry : 
		On exit  : 
		Unchanged: 
 Data sizes:     COMRAM   BANK0   BANK1   BANK2
      Params:         2       0       0       0
      Locals:         0       0       0       0
      Temps:          0       0       0       0
      Totals:         2       0       0       0
Total ram usage:        2 bytes
 Hardware stack levels used:    1
 Hardware stack levels required when called:    1
 This function calls:
		Nothing
 This function is called by:
		_main_loop
 This function uses a non-reentrant model


 *************** function _zb_handle_setHumidityRaw *****************
 Defined at:
		line 221 in file "zb_handle.c"
 Parameters:    Size  Location     Type
  humidityRaw     2   20[COMRAM] unsigned int 
 Auto vars:     Size  Location     Type
		None
 Return value:  Size  Location     Type
		None               void
 Registers used:
		wreg, status,2
 Tracked objects:
		On entry : 
		On exit  : 
		Unchanged: 
 Data sizes:     COMRAM   BANK0   BANK1   BANK2
      Params:         2       0       0       0
      Locals:         0       0       0       0
      Temps:          0       0       0       0
      Totals:         2       0       0       0
Total ram usage:        2 bytes
 Hardware stack levels used:    1
 Hardware stack levels required when called:    1
 This function calls:
		Nothing
 This function is called by:
		_main_loop
 This function uses a non-reentrant model


 *************** function _zb_handle_sendData *****************
 Defined at:
		line 193 in file "zb_handle.c"
 Parameters:    Size  Location     Type
		None
 Auto vars:     Size  Location     Type
  frameSize       1   31[COMRAM] unsigned char 
 Return value:  Size  Location     Type
		None               void
 Registers used:
		wreg, fsr2l, fsr2h, status,2, status,0, tblptrl, tblptrh, tblptru, prodl, prodh, cstack
 Tracked objects:
		On entry : 
		On exit  : 
		Unchanged: 
 Data sizes:     COMRAM   BANK0   BANK1   BANK2
      Params:         0       0       0       0
      Locals:         1       0       0       0
      Temps:          3       0       0       0
      Totals:         4       0       0       0
Total ram usage:        4 bytes
 Hardware stack levels used:    1
 Hardware stack levels required when called:    3
 This function calls:
		_memcpy
		_uart_write
		_zigbee_appendChecksum
 This function is called by:
		_main_loop
 This function uses a non-reentrant model


 *************** function _zigbee_appendChecksum *****************
 Defined at:
		line 240 in file "zb_handle.c"
 Parameters:    Size  Location     Type
  buffer          2   21[COMRAM] PTR unsigned char 
		 -> zb_frameToSend(38), 
  sizeFrame       2   23[COMRAM] PTR unsigned char 
		 -> zb_handle_sendData@frameSize(1), 
 Auto vars:     Size  Location     Type
		None
 Return value:  Size  Location     Type
		None               void
 Registers used:
		wreg, fsr2l, fsr2h, status,2, status,0, prodl, prodh, cstack
 Tracked objects:
		On entry : 
		On exit  : 
		Unchanged: 
 Data sizes:     COMRAM   BANK0   BANK1   BANK2
      Params:         4       0       0       0
      Locals:         0       0       0       0
      Temps:          3       0       0       0
      Totals:         7       0       0       0
Total ram usage:        7 bytes
 Hardware stack levels used:    1
 Hardware stack levels required when called:    2
 This function calls:
		_zb_doChecksum
 This function is called by:
		_zb_handle_sendData
 This function uses a non-reentrant model


 *************** function _uart_write *****************
 Defined at:
		line 28 in file "uart.c"
 Parameters:    Size  Location     Type
  size            1    wreg     unsigned char 
  buffer          2   16[COMRAM] PTR unsigned char 
		 -> zb_frameToSend(38), 
 Auto vars:     Size  Location     Type
  size            1   20[COMRAM] unsigned char 
  b               2   18[COMRAM] PTR unsigned char 
		 -> zb_frameToSend(38), 
  i               1   21[COMRAM] unsigned char 
 Return value:  Size  Location     Type
		None               void
 Registers used:
		wreg, fsr2l, fsr2h, status,2, status,0, prodl, prodh
 Tracked objects:
		On entry : 
		On exit  : 
		Unchanged: 
 Data sizes:     COMRAM   BANK0   BANK1   BANK2
      Params:         2       0       0       0
      Locals:         4       0       0       0
      Temps:          0       0       0       0
      Totals:         6       0       0       0
Total ram usage:        6 bytes
 Hardware stack levels used:    1
 Hardware stack levels required when called:    1
 This function calls:
		Nothing
 This function is called by:
		_zb_handle_sendData
 This function uses a non-reentrant model


 *************** function _memcpy *****************
 Defined at:
		line 11 in file "/opt/microchip/xc8/v1.33/sources/common/memcpy.c"
 Parameters:    Size  Location     Type
  d1              2   16[COMRAM] PTR void 
		 -> zb_frameToSend(38), 
  s1              2   18[COMRAM] PTR const void 
		 -> frameData(32), 
  n               2   20[COMRAM] unsigned int 
 Auto vars:     Size  Location     Type
  s               2   24[COMRAM] PTR const unsigned char 
		 -> frameData(32), 
  d               2   22[COMRAM] PTR unsigned char 
		 -> zb_frameToSend(38), 
 Return value:  Size  Location     Type
                  2   16[COMRAM] PTR void 
 Registers used:
		wreg, fsr2l, fsr2h, status,2, status,0, tblptrl, tblptrh, tblptru
 Tracked objects:
		On entry : 
		On exit  : 
		Unchanged: 
 Data sizes:     COMRAM   BANK0   BANK1   BANK2
      Params:         6       0       0       0
      Locals:         4       0       0       0
      Temps:          0       0       0       0
      Totals:        10       0       0       0
Total ram usage:       10 bytes
 Hardware stack levels used:    1
 Hardware stack levels required when called:    1
 This function calls:
		Nothing
 This function is called by:
		_zb_handle_sendData
 This function uses a non-reentrant model


 *************** function _zb_handle_resetStatus *****************
 Defined at:
		line 233 in file "zb_handle.c"
 Parameters:    Size  Location     Type
		None
 Auto vars:     Size  Location     Type
		None
 Return value:  Size  Location     Type
		None               void
 Registers used:
		wreg, status,2
 Tracked objects:
		On entry : 
		On exit  : 
		Unchanged: 
 Data sizes:     COMRAM   BANK0   BANK1   BANK2
      Params:         0       0       0       0
      Locals:         0       0       0       0
      Temps:          0       0       0       0
      Totals:         0       0       0       0
Total ram usage:        0 bytes
 Hardware stack levels used:    1
 Hardware stack levels required when called:    1
 This function calls:
		Nothing
 This function is called by:
		_main_loop
 This function uses a non-reentrant model


 *************** function _zb_handle_getStatus *****************
 Defined at:
		line 16 in file "zb_handle.c"
 Parameters:    Size  Location     Type
		None
 Auto vars:     Size  Location     Type
		None
 Return value:  Size  Location     Type
                  1    wreg      enum E3761
 Registers used:
		wreg, status,2
 Tracked objects:
		On entry : 
		On exit  : 
		Unchanged: 
 Data sizes:     COMRAM   BANK0   BANK1   BANK2
      Params:         0       0       0       0
      Locals:         0       0       0       0
      Temps:          0       0       0       0
      Totals:         0       0       0       0
Total ram usage:        0 bytes
 Hardware stack levels used:    1
 Hardware stack levels required when called:    1
 This function calls:
		Nothing
 This function is called by:
		_main_loop
 This function uses a non-reentrant model


 *************** function _zb_handle *****************
 Defined at:
		line 21 in file "zb_handle.c"
 Parameters:    Size  Location     Type
		None
 Auto vars:     Size  Location     Type
  decodedFrame    8    3[BANK0 ] struct .
  sizeOfNextDa    2    0[BANK0 ] unsigned int 
  bSuccess        1    2[BANK0 ] enum E3212
 Return value:  Size  Location     Type
		None               void
 Registers used:
		wreg, fsr1l, fsr1h, fsr2l, fsr2h, status,2, status,0, prodl, prodh, cstack
 Tracked objects:
		On entry : 
		On exit  : 
		Unchanged: 
 Data sizes:     COMRAM   BANK0   BANK1   BANK2
      Params:         0       0       0       0
      Locals:         0      11       0       0
      Temps:          0       0       0       0
      Totals:         0      11       0       0
Total ram usage:       11 bytes
 Hardware stack levels used:    1
 Hardware stack levels required when called:    3
 This function calls:
		_uart_read
		_zb_decodage
 This function is called by:
		_main_loop
 This function uses a non-reentrant model


 *************** function _zb_decodage *****************
 Defined at:
		line 22 in file "zb.c"
 Parameters:    Size  Location     Type
  frame           2   21[COMRAM] PTR unsigned char 
		 -> zb_frameReceived(50), 
  frameSize       1   23[COMRAM] unsigned char 
  decodedFrame    2   24[COMRAM] PTR struct .
		 -> zb_handle@decodedFrame(8), 
 Auto vars:     Size  Location     Type
  bCorrectlyDe    1   31[COMRAM] enum E3083
  checksum        1   30[COMRAM] unsigned char 
 Return value:  Size  Location     Type
                  1    wreg      enum E3083
 Registers used:
		wreg, fsr1l, fsr1h, fsr2l, fsr2h, status,2, status,0, prodl, prodh, cstack
 Tracked objects:
		On entry : 
		On exit  : 
		Unchanged: 
 Data sizes:     COMRAM   BANK0   BANK1   BANK2
      Params:         5       0       0       0
      Locals:         2       0       0       0
      Temps:          4       0       0       0
      Totals:        11       0       0       0
Total ram usage:       11 bytes
 Hardware stack levels used:    1
 Hardware stack levels required when called:    2
 This function calls:
		_zb_doChecksum
 This function is called by:
		_zb_handle
 This function uses a non-reentrant model


 *************** function _zb_doChecksum *****************
 Defined at:
		line 9 in file "zb.c"
 Parameters:    Size  Location     Type
  frame           2   16[COMRAM] PTR unsigned char 
		 -> zb_frameToSend(38), zb_frameReceived(50), 
  size            1   18[COMRAM] unsigned char 
 Auto vars:     Size  Location     Type
  i               1   20[COMRAM] unsigned char 
  checksum        1   19[COMRAM] unsigned char 
 Return value:  Size  Location     Type
                  1    wreg      unsigned char 
 Registers used:
		wreg, fsr2l, fsr2h, status,2, status,0, prodl, prodh
 Tracked objects:
		On entry : 
		On exit  : 
		Unchanged: 
 Data sizes:     COMRAM   BANK0   BANK1   BANK2
      Params:         3       0       0       0
      Locals:         2       0       0       0
      Temps:          0       0       0       0
      Totals:         5       0       0       0
Total ram usage:        5 bytes
 Hardware stack levels used:    1
 Hardware stack levels required when called:    1
 This function calls:
		Nothing
 This function is called by:
		_zb_decodage
		_zigbee_appendChecksum
 This function uses a non-reentrant model


 *************** function _uart_read *****************
 Defined at:
		line 45 in file "uart.c"
 Parameters:    Size  Location     Type
  buffer          2   16[COMRAM] PTR unsigned char 
		 -> zb_frameReceived(50), 
  nbToRead        1   18[COMRAM] unsigned char 
 Auto vars:     Size  Location     Type
  b               2   19[COMRAM] PTR unsigned char 
		 -> zb_frameReceived(50), 
  i               1   22[COMRAM] unsigned char 
  expectedNbRe    1   21[COMRAM] enum E3083
 Return value:  Size  Location     Type
                  1    wreg      enum E3083
 Registers used:
		wreg, fsr1l, fsr1h, fsr2l, fsr2h, status,2, status,0, prodl, prodh
 Tracked objects:
		On entry : 
		On exit  : 
		Unchanged: 
 Data sizes:     COMRAM   BANK0   BANK1   BANK2
      Params:         3       0       0       0
      Locals:         4       0       0       0
      Temps:          0       0       0       0
      Totals:         7       0       0       0
Total ram usage:        7 bytes
 Hardware stack levels used:    1
 Hardware stack levels required when called:    1
 This function calls:
		Nothing
 This function is called by:
		_zb_handle
 This function uses a non-reentrant model


 *************** function _timer0_wait_65ms *****************
 Defined at:
		line 11 in file "timer.c"
 Parameters:    Size  Location     Type
		None
 Auto vars:     Size  Location     Type
		None
 Return value:  Size  Location     Type
		None               void
 Registers used:
		wreg, status,2, cstack
 Tracked objects:
		On entry : 
		On exit  : 
		Unchanged: 
 Data sizes:     COMRAM   BANK0   BANK1   BANK2
      Params:         0       0       0       0
      Locals:         0       0       0       0
      Temps:          0       0       0       0
      Totals:         0       0       0       0
Total ram usage:        0 bytes
 Hardware stack levels used:    1
 Hardware stack levels required when called:    2
 This function calls:
		_timer0_wait_ready
 This function is called by:
		_main_loop
 This function uses a non-reentrant model


 *************** function _timer0_wait_262ms *****************
 Defined at:
		line 26 in file "timer.c"
 Parameters:    Size  Location     Type
		None
 Auto vars:     Size  Location     Type
		None
 Return value:  Size  Location     Type
		None               void
 Registers used:
		wreg, status,2, cstack
 Tracked objects:
		On entry : 
		On exit  : 
		Unchanged: 
 Data sizes:     COMRAM   BANK0   BANK1   BANK2
      Params:         0       0       0       0
      Locals:         0       0       0       0
      Temps:          0       0       0       0
      Totals:         0       0       0       0
Total ram usage:        0 bytes
 Hardware stack levels used:    1
 Hardware stack levels required when called:    2
 This function calls:
		_timer0_wait_ready
 This function is called by:
		_main_loop
 This function uses a non-reentrant model


 *************** function _timer0_wait_ready *****************
 Defined at:
		line 42 in file "timer.c"
 Parameters:    Size  Location     Type
		None
 Auto vars:     Size  Location     Type
		None
 Return value:  Size  Location     Type
		None               void
 Registers used:
		wreg, status,2
 Tracked objects:
		On entry : 
		On exit  : 
		Unchanged: 
 Data sizes:     COMRAM   BANK0   BANK1   BANK2
      Params:         0       0       0       0
      Locals:         0       0       0       0
      Temps:          0       0       0       0
      Totals:         0       0       0       0
Total ram usage:        0 bytes
 Hardware stack levels used:    1
 Hardware stack levels required when called:    1
 This function calls:
		Nothing
 This function is called by:
		_timer0_wait_65ms
		_timer0_wait_262ms
 This function uses a non-reentrant model


 *************** function _leds_yellow_glitch *****************
 Defined at:
		line 28 in file "leds.c"
 Parameters:    Size  Location     Type
		None
 Auto vars:     Size  Location     Type
		None
 Return value:  Size  Location     Type
		None               void
 Registers used:
		wreg, status,2, status,0
 Tracked objects:
		On entry : 
		On exit  : 
		Unchanged: 
 Data sizes:     COMRAM   BANK0   BANK1   BANK2
      Params:         0       0       0       0
      Locals:         0       0       0       0
      Temps:          1       0       0       0
      Totals:         1       0       0       0
Total ram usage:        1 bytes
 Hardware stack levels used:    1
 Hardware stack levels required when called:    1
 This function calls:
		Nothing
 This function is called by:
		_main_loop
 This function uses a non-reentrant model


 *************** function _leds_green_glitch *****************
 Defined at:
		line 35 in file "leds.c"
 Parameters:    Size  Location     Type
		None
 Auto vars:     Size  Location     Type
		None
 Return value:  Size  Location     Type
		None               void
 Registers used:
		wreg, status,2, status,0
 Tracked objects:
		On entry : 
		On exit  : 
		Unchanged: 
 Data sizes:     COMRAM   BANK0   BANK1   BANK2
      Params:         0       0       0       0
      Locals:         0       0       0       0
      Temps:          1       0       0       0
      Totals:         1       0       0       0
Total ram usage:        1 bytes
 Hardware stack levels used:    1
 Hardware stack levels required when called:    1
 This function calls:
		Nothing
 This function is called by:
		_main_loop
 This function uses a non-reentrant model


 *************** function _hyt221_operation *****************
 Defined at:
		line 44 in file "hyt221.c"
 Parameters:    Size  Location     Type
		None
 Auto vars:     Size  Location     Type
  index           1   20[COMRAM] char 
  bDeviceDataA    1   19[COMRAM] enum E3083
 Return value:  Size  Location     Type
                  1    wreg      enum E3778
 Registers used:
		wreg, fsr2l, fsr2h, status,2, status,0, prodl, prodh, cstack
 Tracked objects:
		On entry : 
		On exit  : 
		Unchanged: 
 Data sizes:     COMRAM   BANK0   BANK1   BANK2
      Params:         0       0       0       0
      Locals:         2       0       0       0
      Temps:          2       0       0       0
      Totals:         4       0       0       0
Total ram usage:        4 bytes
 Hardware stack levels used:    1
 Hardware stack levels required when called:    3
 This function calls:
		_i2c_trig_start
		_i2c_trig_stop
		_i2c_wait_idle
		_i2c_wait_ready
		_leds_red_and_yellow_glitch
 This function is called by:
		_main_loop
 This function uses a non-reentrant model


 *************** function _hyt221_launch_acq *****************
 Defined at:
		line 20 in file "hyt221.c"
 Parameters:    Size  Location     Type
		None
 Auto vars:     Size  Location     Type
		None
 Return value:  Size  Location     Type
                  1    wreg      enum E3778
 Registers used:
		wreg, status,2, status,0, cstack
 Tracked objects:
		On entry : 
		On exit  : 
		Unchanged: 
 Data sizes:     COMRAM   BANK0   BANK1   BANK2
      Params:         0       0       0       0
      Locals:         0       0       0       0
      Temps:          0       0       0       0
      Totals:         0       0       0       0
Total ram usage:        0 bytes
 Hardware stack levels used:    1
 Hardware stack levels required when called:    3
 This function calls:
		_i2c_trig_start
		_i2c_trig_stop
		_i2c_wait_idle
		_i2c_wait_ready
		_leds_red_and_yellow_glitch
 This function is called by:
		_main_loop
 This function uses a non-reentrant model


 *************** function _leds_red_and_yellow_glitch *****************
 Defined at:
		line 43 in file "leds.c"
 Parameters:    Size  Location     Type
		None
 Auto vars:     Size  Location     Type
		None
 Return value:  Size  Location     Type
		None               void
 Registers used:
		wreg, status,2, status,0
 Tracked objects:
		On entry : 
		On exit  : 
		Unchanged: 
 Data sizes:     COMRAM   BANK0   BANK1   BANK2
      Params:         0       0       0       0
      Locals:         0       0       0       0
      Temps:          1       0       0       0
      Totals:         1       0       0       0
Total ram usage:        1 bytes
 Hardware stack levels used:    1
 Hardware stack levels required when called:    1
 This function calls:
		Nothing
 This function is called by:
		_hyt221_launch_acq
		_hyt221_operation
 This function uses a non-reentrant model


 *************** function _i2c_trig_stop *****************
 Defined at:
		line 61 in file "i2c.c"
 Parameters:    Size  Location     Type
		None
 Auto vars:     Size  Location     Type
		None
 Return value:  Size  Location     Type
		None               void
 Registers used:
		wreg, status,2, cstack
 Tracked objects:
		On entry : 
		On exit  : 
		Unchanged: 
 Data sizes:     COMRAM   BANK0   BANK1   BANK2
      Params:         0       0       0       0
      Locals:         0       0       0       0
      Temps:          0       0       0       0
      Totals:         0       0       0       0
Total ram usage:        0 bytes
 Hardware stack levels used:    1
 Hardware stack levels required when called:    2
 This function calls:
		_i2c_wait_ready
 This function is called by:
		_hyt221_launch_acq
		_hyt221_operation
 This function uses a non-reentrant model


 *************** function _i2c_trig_start *****************
 Defined at:
		line 53 in file "i2c.c"
 Parameters:    Size  Location     Type
		None
 Auto vars:     Size  Location     Type
		None
 Return value:  Size  Location     Type
		None               void
 Registers used:
		wreg, status,2, status,0, cstack
 Tracked objects:
		On entry : 
		On exit  : 
		Unchanged: 
 Data sizes:     COMRAM   BANK0   BANK1   BANK2
      Params:         0       0       0       0
      Locals:         0       0       0       0
      Temps:          0       0       0       0
      Totals:         0       0       0       0
Total ram usage:        0 bytes
 Hardware stack levels used:    1
 Hardware stack levels required when called:    2
 This function calls:
		_i2c_wait_idle
		_i2c_wait_ready
 This function is called by:
		_hyt221_launch_acq
		_hyt221_operation
 This function uses a non-reentrant model


 *************** function _i2c_wait_ready *****************
 Defined at:
		line 35 in file "i2c.c"
 Parameters:    Size  Location     Type
		None
 Auto vars:     Size  Location     Type
		None
 Return value:  Size  Location     Type
		None               void
 Registers used:
		wreg, status,2
 Tracked objects:
		On entry : 
		On exit  : 
		Unchanged: 
 Data sizes:     COMRAM   BANK0   BANK1   BANK2
      Params:         0       0       0       0
      Locals:         0       0       0       0
      Temps:          0       0       0       0
      Totals:         0       0       0       0
Total ram usage:        0 bytes
 Hardware stack levels used:    1
 Hardware stack levels required when called:    1
 This function calls:
		Nothing
 This function is called by:
		_i2c_trig_start
		_i2c_trig_stop
		_hyt221_launch_acq
		_hyt221_operation
 This function uses a non-reentrant model


 *************** function _i2c_wait_idle *****************
 Defined at:
		line 46 in file "i2c.c"
 Parameters:    Size  Location     Type
		None
 Auto vars:     Size  Location     Type
		None
 Return value:  Size  Location     Type
		None               void
 Registers used:
		wreg, status,2, status,0
 Tracked objects:
		On entry : 
		On exit  : 
		Unchanged: 
 Data sizes:     COMRAM   BANK0   BANK1   BANK2
      Params:         0       0       0       0
      Locals:         0       0       0       0
      Temps:          1       0       0       0
      Totals:         1       0       0       0
Total ram usage:        1 bytes
 Hardware stack levels used:    1
 Hardware stack levels required when called:    1
 This function calls:
		Nothing
 This function is called by:
		_i2c_trig_start
		_hyt221_launch_acq
		_hyt221_operation
 This function uses a non-reentrant model


 *************** function _hyt221_getTemp *****************
 Defined at:
		line 118 in file "hyt221.c"
 Parameters:    Size  Location     Type
		None
 Auto vars:     Size  Location     Type
  temp_raw        2   20[COMRAM] unsigned int 
 Return value:  Size  Location     Type
                  2   16[COMRAM] unsigned int 
 Registers used:
		wreg, status,2, status,0
 Tracked objects:
		On entry : 
		On exit  : 
		Unchanged: 
 Data sizes:     COMRAM   BANK0   BANK1   BANK2
      Params:         2       0       0       0
      Locals:         2       0       0       0
      Temps:          2       0       0       0
      Totals:         6       0       0       0
Total ram usage:        6 bytes
 Hardware stack levels used:    1
 Hardware stack levels required when called:    1
 This function calls:
		Nothing
 This function is called by:
		_main_loop
 This function uses a non-reentrant model


 *************** function _hyt221_getHumidity *****************
 Defined at:
		line 128 in file "hyt221.c"
 Parameters:    Size  Location     Type
		None
 Auto vars:     Size  Location     Type
  humidity_raw    2   18[COMRAM] unsigned int 
 Return value:  Size  Location     Type
                  2   16[COMRAM] unsigned int 
 Registers used:
		wreg, status,2, status,0
 Tracked objects:
		On entry : 
		On exit  : 
		Unchanged: 
 Data sizes:     COMRAM   BANK0   BANK1   BANK2
      Params:         2       0       0       0
      Locals:         2       0       0       0
      Temps:          0       0       0       0
      Totals:         4       0       0       0
Total ram usage:        4 bytes
 Hardware stack levels used:    1
 Hardware stack levels required when called:    1
 This function calls:
		Nothing
 This function is called by:
		_main_loop
 This function uses a non-reentrant model


 *************** function _batt_launch_acq *****************
 Defined at:
		line 180 in file "main.c"
 Parameters:    Size  Location     Type
		None
 Auto vars:     Size  Location     Type
		None
 Return value:  Size  Location     Type
		None               void
 Registers used:
		wreg, status,2, status,0, cstack
 Tracked objects:
		On entry : 
		On exit  : 
		Unchanged: 
 Data sizes:     COMRAM   BANK0   BANK1   BANK2
      Params:         0       0       0       0
      Locals:         0       0       0       0
      Temps:          2       0       0       0
      Totals:         2       0       0       0
Total ram usage:        2 bytes
 Hardware stack levels used:    1
 Hardware stack levels required when called:    2
 This function calls:
		_zb_handle_setbatVolt
 This function is called by:
		_main_loop
 This function uses a non-reentrant model


 *************** function _zb_handle_setbatVolt *****************
 Defined at:
		line 227 in file "zb_handle.c"
 Parameters:    Size  Location     Type
  battVoltage     2   16[COMRAM] unsigned int 
 Auto vars:     Size  Location     Type
		None
 Return value:  Size  Location     Type
		None               void
 Registers used:
		wreg, status,2
 Tracked objects:
		On entry : 
		On exit  : 
		Unchanged: 
 Data sizes:     COMRAM   BANK0   BANK1   BANK2
      Params:         2       0       0       0
      Locals:         0       0       0       0
      Temps:          0       0       0       0
      Totals:         2       0       0       0
Total ram usage:        2 bytes
 Hardware stack levels used:    1
 Hardware stack levels required when called:    1
 This function calls:
		Nothing
 This function is called by:
		_batt_launch_acq
 This function uses a non-reentrant model


 *************** function _i2c_setup *****************
 Defined at:
		line 9 in file "i2c.c"
 Parameters:    Size  Location     Type
		None
 Auto vars:     Size  Location     Type
		None
 Return value:  Size  Location     Type
		None               void
 Registers used:
		wreg, status,2, status,0
 Tracked objects:
		On entry : 
		On exit  : 
		Unchanged: 
 Data sizes:     COMRAM   BANK0   BANK1   BANK2
      Params:         0       0       0       0
      Locals:         0       0       0       0
      Temps:          0       0       0       0
      Totals:         0       0       0       0
Total ram usage:        0 bytes
 Hardware stack levels used:    1
 Hardware stack levels required when called:    1
 This function calls:
		Nothing
 This function is called by:
		_main
 This function uses a non-reentrant model


 *************** function _calibration *****************
 Defined at:
		line 12 in file "osc.c"
 Parameters:    Size  Location     Type
		None
 Auto vars:     Size  Location     Type
  w               1   19[COMRAM] char 
  tryCounter      1   18[COMRAM] char 
 Return value:  Size  Location     Type
		None               void
 Registers used:
		wreg, status,2, status,0, cstack
 Tracked objects:
		On entry : 
		On exit  : 
		Unchanged: 
 Data sizes:     COMRAM   BANK0   BANK1   BANK2
      Params:         0       0       0       0
      Locals:         2       0       0       0
      Temps:          1       0       0       0
      Totals:         3       0       0       0
Total ram usage:        3 bytes
 Hardware stack levels used:    1
 Hardware stack levels required when called:    2
 This function calls:
		_leds_red_glitch
 This function is called by:
		_main
 This function uses a non-reentrant model


 *************** function _leds_red_glitch *****************
 Defined at:
		line 21 in file "leds.c"
 Parameters:    Size  Location     Type
		None
 Auto vars:     Size  Location     Type
		None
 Return value:  Size  Location     Type
		None               void
 Registers used:
		wreg, status,2, status,0
 Tracked objects:
		On entry : 
		On exit  : 
		Unchanged: 
 Data sizes:     COMRAM   BANK0   BANK1   BANK2
      Params:         0       0       0       0
      Locals:         0       0       0       0
      Temps:          1       0       0       0
      Totals:         1       0       0       0
Total ram usage:        1 bytes
 Hardware stack levels used:    1
 Hardware stack levels required when called:    1
 This function calls:
		Nothing
 This function is called by:
		_main_loop
		_calibration
 This function uses a non-reentrant model


 *************** function _isr_hi *****************
 Defined at:
		line 17 in file "interrupt.c"
 Parameters:    Size  Location     Type
		None
 Auto vars:     Size  Location     Type
  dummy           1   15[COMRAM] unsigned char 
 Return value:  Size  Location     Type
		None               void
 Registers used:
		wreg, fsr2l, fsr2h, status,2, status,0, prodl, prodh
 Tracked objects:
		On entry : 
		On exit  : 
		Unchanged: 
 Data sizes:     COMRAM   BANK0   BANK1   BANK2
      Params:         0       0       0       0
      Locals:         1       0       0       0
      Temps:         15       0       0       0
      Totals:        16       0       0       0
Total ram usage:       16 bytes
 Hardware stack levels used:    1
 This function calls:
		Nothing
 This function is called by:
		Interrupt level 2
 This function uses a non-reentrant model



MODULE INFORMATION

Module		Function		Class		Link	Load	Size
zb.c
		_zb_doChecksum 		CODE           	0C56	0000	42
		_zb_decodage   		CODE           	0322	0000	412

zb.c estimated size: 454

uart.c
		_uart_write    		CODE           	0BB8	0000	58
		_uart_read     		CODE           	09E4	0000	96
		_uart_setup    		CODE           	0D0E	0000	30

uart.c estimated size: 184

timer.c
		_timer0_wait_65		CODE           	0CCA	0000	34
		_timer0_wait_26		CODE           	0CEC	0000	34
		_timer0_wait_re		CODE           	0D88	0000	18

timer.c estimated size: 86

i2c.c
		_i2c_setup     		CODE           	0C26	0000	48
		_i2c_wait_ready		CODE           	0D9A	0000	18
		_i2c_trig_stop 		CODE           	0E00	0000	8
		_i2c_trig_start		CODE           	0DF4	0000	12
		_i2c_wait_idle 		CODE           	0DAC	0000	16

i2c.c estimated size: 102

hyt221.c
		_hyt221_operati		CODE           	08B0	0000	156
		_hyt221_launch_		CODE           	0C80	0000	38
		_hyt221_getTemp		CODE           	0B76	0000	66
		_hyt221_getHumi		CODE           	0CA6	0000	36

hyt221.c estimated size: 296

zb_handle.c
		_zb_handle_rese		CODE           	0DD8	0000	14
		_zigbee_appendC		CODE           	0A44	0000	90
		_zb_handle_send		CODE           	094C	0000	152
		_zb_handle_setT		CODE           	0DBC	0000	14
		_zb_handle_setH		CODE           	0DCA	0000	14
		_zb_handle_getS		CODE           	0E08	0000	4
		_zb_handle     		CODE           	0718	0000	216
		_zb_handle_setb		CODE           	0DE6	0000	14

zb_handle.c estimated size: 518

interrupt.c
		_isr_hi        		CODE           	0008	0000	1524

interrupt.c estimated size: 1524

shared
		__initializatio		CODE           	0BF2	0000	42
		_frameData     		SMALLCONST     	0301	0000	32

shared estimated size: 74

leds.c
		_leds_green_gli		CODE           	0D5C	0000	22
		_leds_red_glitc		CODE           	0D72	0000	22
		_leds_yellow_gl		CODE           	0D46	0000	22
		_leds_red_and_y		CODE           	0D2C	0000	26

leds.c estimated size: 92

/opt/microchip/xc8/v1.33/sources/common/memcpy.c
		_memcpy        		CODE           	0B34	0000	66

/opt/microchip/xc8/v1.33/sources/common/memcpy.c estimated size: 66

main.c
		_main_loop     		CODE           	05FC	0000	284
		_main          		CODE           	0A9E	0000	82
		_batt_launch_ac		CODE           	0AF0	0000	68

main.c estimated size: 434

osc.c
		_calibration   		CODE           	07F0	0000	192

osc.c estimated size: 192

