Microchip MPLAB XC8 Compiler V1.33 ()

Linker command line:

--edf=/opt/microchip/xc8/v1.33/dat/en_msgs.txt -cs \
  -h+dist/xc8_18F2420/production/temp_sensor_pic18lf2420.X.production.sym \
  --cmf=dist/xc8_18F2420/production/temp_sensor_pic18lf2420.X.production.cmf \
  -z -Q18F2420 -o/tmp/cgtiKlZtv \
  -Mdist/xc8_18F2420/production/temp_sensor_pic18lf2420.X.production.map \
  -E1 -ver=XC8 -ASTACK=0E9h-02ffh -pstack=STACK -ACODE=00h-03FFFh \
  -ACONST=00h-03FFFh -ASMALLCONST=0300h-03FFhx61 -AMEDIUMCONST=0300h-03FFFh \
  -ACOMRAM=01h-07Fh -AABS1=00h-02FFh -ABIGRAM=01h-02FFh \
  -ARAM=080h-0FFh,0100h-01FFhx2 -ABANK0=080h-0FFh -ABANK1=0100h-01FFh \
  -ABANK2=0200h-02FFh -ASFR=0F80h-0FFFh \
  -preset_vec=00h,intcode=08h,intcodelo,powerup,init,end_init \
  -pramtop=0300h -psmallconst=SMALLCONST -pmediumconst=MEDIUMCONST \
  -pconst=CONST -AFARRAM=00h-00h -ACONFIG=0300000h-030000Dh -pconfig=CONFIG \
  -AIDLOC=0200000h-0200007h -pidloc=IDLOC -AEEDATA=0F00000h-0F000FFh \
  -peeprom_data=EEDATA \
  -prdata=COMRAM,nvrram=COMRAM,nvbit=COMRAM,rbss=COMRAM,rbit=COMRAM \
  -pfarbss=FARRAM,fardata=FARRAM,nvFARRAM=FARRAM \
  -pintsave_regs=BIGRAM,bigbss=BIGRAM,bigdata=BIGRAM -pbss=RAM \
  -pidata=CODE,irdata=CODE,ibigdata=CODE,ifardata=CODE /tmp/cgtyGcrle.obj \
  dist/xc8_18F2420/production/temp_sensor_pic18lf2420.X.production.obj 

Object code version is 3.11

Machine type is 18F2420

Call graph: (short form)




                Name                               Link     Load   Length Selector   Space Scale
/tmp/cgtyGcrle.obj
                end_init                             18       18        4        4       0
                reset_vec                             0        0        4        0       0
                idloc                            200000   200000        8   200000       0
                config                           300000   300000        E   300000       0
dist/xc8_18F2420/production/temp_sensor_pic18lf2420.X.production.obj
                intcode                               8        8       10        4       0
                intcode_body                        344      344      13E        4       0
                text30                              A8E      A8E       1E        4       0
                text29                              562      562       C6        4       0
                text28                              95A      95A       30        4       0
                text27                              B1E      B1E        E        4       0
                text26                              856      856       48        4       0
                text25                              AAC      AAC       14        4       0
                text24                              98A      98A       2E        4       0
                text23                              AE4      AE4       10        4       0
                text22                              AD2      AD2       12        4       0
                text21                              B2C      B2C        C        4       0
                text20                              B38      B38        8        4       0
                text19                              9E2      9E2       28        4       0
                text18                              628      628       94        4       0
                text17                              AC0      AC0       12        4       0
                text16                              A4E      A4E       22        4       0
                text15                              B40      B40        4        4       0
                text14                              B10      B10        E        4       0
                text13                              8E0      8E0       3E        4       0
                text12                              9B8      9B8       2A        4       0
                text11                              7A8      7A8       5A        4       0
                text10                              6BC      6BC       8C        4       0
                text9                               B02      B02        E        4       0
                text8                               AF4      AF4        E        4       0
                text7                               A2C      A2C       22        4       0
                text6                               748      748       60        4       0
                text5                                1C       1C      1B8        4       0
                text4                               482      482       E0        4       0
                text3                               91E      91E       3C        4       0
                text2                               1D4      1D4      170        4       0
                text1                               A70      A70       1E        4       0
                text0                               802      802       54        4       0
                cstackCOMRAM                          1        1       2B        1       1
                cstackBANK0                          E4       E4        5       80       1
                bssBANK0                             80       80       64       80       1
                dataCOMRAM                           4E       4E       22        1       1
                bssCOMRAM                            2C       2C       22        1       1
                cinit                               89E      89E       42        4       0
                idataCOMRAM                         A0A      A0A       22        4       0

TOTAL           Name                               Link     Load   Length     Space
        CLASS   STACK          

        CLASS   CODE           
                end_init                             18       18        4         0
                intcode                               8        8       10         0
                reset_vec                             0        0        4         0
                intcode_body                        344      344      13E         0
                text30                              A8E      A8E       1E         0
                text29                              562      562       C6         0
                text28                              95A      95A       30         0
                text27                              B1E      B1E        E         0
                text26                              856      856       48         0
                text25                              AAC      AAC       14         0
                text24                              98A      98A       2E         0
                text23                              AE4      AE4       10         0
                text22                              AD2      AD2       12         0
                text21                              B2C      B2C        C         0
                text20                              B38      B38        8         0
                text19                              9E2      9E2       28         0
                text18                              628      628       94         0
                text17                              AC0      AC0       12         0
                text16                              A4E      A4E       22         0
                text15                              B40      B40        4         0
                text14                              B10      B10        E         0
                text13                              8E0      8E0       3E         0
                text12                              9B8      9B8       2A         0
                text11                              7A8      7A8       5A         0
                text10                              6BC      6BC       8C         0
                text9                               B02      B02        E         0
                text8                               AF4      AF4        E         0
                text7                               A2C      A2C       22         0
                text6                               748      748       60         0
                text5                                1C       1C      1B8         0
                text4                               482      482       E0         0
                text3                               91E      91E       3C         0
                text2                               1D4      1D4      170         0
                text1                               A70      A70       1E         0
                text0                               802      802       54         0
                cinit                               89E      89E       42         0
                idataCOMRAM                         A0A      A0A       22         0

        CLASS   CONST          

        CLASS   SMALLCONST     

        CLASS   MEDIUMCONST    

        CLASS   COMRAM         
                cstackCOMRAM                          1        1       2B         1
                dataCOMRAM                           4E       4E       22         1
                bssCOMRAM                            2C       2C       22         1

        CLASS   ABS1           

        CLASS   BIGRAM         

        CLASS   RAM            

        CLASS   BANK0          
                cstackBANK0                          E4       E4        5         1
                bssBANK0                             80       80       64         1

        CLASS   BANK1          

        CLASS   BANK2          

        CLASS   SFR            

        CLASS   FARRAM         

        CLASS   CONFIG         
                config                           300000   300000        E         0

        CLASS   IDLOC          
                idloc                            200000   200000        8         0

        CLASS   EEDATA         



SEGMENTS        Name                           Load    Length   Top    Selector   Space  Class

                reset_vec                      000000  000004  000004         0       0  CODE    
                cstackCOMRAM                   000001  00006F  000070         1       1  COMRAM  
                intcode                        000008  000B3C  000B44         4       0  CODE    
                bssBANK0                       000080  000069  0000E9        80       1  BANK0   
                idloc                          200000  000008  200008    200000       0  IDLOC   
                config                         300000  00000E  30000E    300000       0  CONFIG  


UNUSED ADDRESS RANGES

        Name                Unused          Largest block    Delta
        BANK0            0000E9-0000FF               17
        BANK1            000100-0001FF              100
        BANK2            000200-0002FF              100
        BIGRAM           000070-00007F               10
                         0000E9-0002FF              217
        CODE             000004-000007                4
                         000B44-003FFF             34BC
        COMRAM           000070-00007F               10
        CONST            000004-000007                4
                         000B44-003FFF             34BC
        EEDATA           F00000-F000FF              100
        MEDIUMCONST      000B44-003FFF             34BC
        RAM              0000E9-0002FF              100
        SFR              000F80-000FFF               80
        SMALLCONST       000B44-003FFF              100
        STACK            0000E9-0002FF              217

                                  Symbol Table

?_hyt221_getHumidity                 cstackCOMRAM 000011
?_hyt221_getTemp                     cstackCOMRAM 000011
_ADCON0                              (abs)        000FC2
_ADCON1                              (abs)        000FC1
_ADCON2                              (abs)        000FC0
_ADRESH                              (abs)        000FC4
_ADRESL                              (abs)        000FC3
_BAUDCON                             (abs)        000FB8
_INTCONbits                          (abs)        000FF2
_LATA                                (abs)        000F89
_LATAbits                            (abs)        000F89
_LATBbits                            (abs)        000F8A
_LATCbits                            (abs)        000F8B
_OSCCON                              (abs)        000FD3
_OSCCONbits                          (abs)        000FD3
_OSCTUNE                             (abs)        000F9B
_PIE1bits                            (abs)        000F9D
_PIR1bits                            (abs)        000F9E
_PIR2bits                            (abs)        000FA1
_PORTA                               (abs)        000F80
_PORTBbits                           (abs)        000F81
_PORTCbits                           (abs)        000F82
_RCREG                               (abs)        000FAE
_RCSTA                               (abs)        000FAB
_RCSTAbits                           (abs)        000FAB
_SPBRG                               (abs)        000FAF
_SPBRGH                              (abs)        000FB0
_SSPADD                              (abs)        000FC8
_SSPBUF                              (abs)        000FC9
_SSPCON1                             (abs)        000FC6
_SSPCON2                             (abs)        000FC5
_SSPCON2bits                         (abs)        000FC5
_SSPSTAT                             (abs)        000FC7
_SSPSTATbits                         (abs)        000FC7
_T0CON                               (abs)        000FD5
_T0CONbits                           (abs)        000FD5
_T1CON                               (abs)        000FCD
_TMR0                                (abs)        000FD6
_TMR1H                               (abs)        000FCF
_TMR1L                               (abs)        000FCE
_TRISA                               (abs)        000F92
_TRISBbits                           (abs)        000F93
_TRISC                               (abs)        000F94
_TRISCbits                           (abs)        000F94
_TXREG                               (abs)        000FAD
_TXSTA                               (abs)        000FAC
_TXSTAbits                           (abs)        000FAC
_UART_errorStatus                    bssCOMRAM    000039
_UART_readIndex                      bssCOMRAM    000041
_UART_rxBuffer                       bssBANK0     000080
_UART_rxBufferNb                     bssCOMRAM    000042
_UART_writeIndex                     bssCOMRAM    000043
_WDTCONbits                          (abs)        000FD1
__CFG_BOREN$SBORDIS                  (abs)        000000
__CFG_BORV$3                         (abs)        000000
__CFG_CCP2MX$PORTC                   (abs)        000000
__CFG_CP0$OFF                        (abs)        000000
__CFG_CP1$OFF                        (abs)        000000
__CFG_CPB$OFF                        (abs)        000000
__CFG_CPD$OFF                        (abs)        000000
__CFG_DEBUG$ON                       (abs)        000000
__CFG_EBTR0$OFF                      (abs)        000000
__CFG_EBTR1$OFF                      (abs)        000000
__CFG_EBTRB$OFF                      (abs)        000000
__CFG_FCMEN$OFF                      (abs)        000000
__CFG_IESO$OFF                       (abs)        000000
__CFG_LPT1OSC$OFF                    (abs)        000000
__CFG_LVP$OFF                        (abs)        000000
__CFG_MCLRE$ON                       (abs)        000000
__CFG_OSC$INTIO67                    (abs)        000000
__CFG_PBADEN$ON                      (abs)        000000
__CFG_PWRT$OFF                       (abs)        000000
__CFG_STVREN$ON                      (abs)        000000
__CFG_WDT$OFF                        (abs)        000000
__CFG_WDTPS$16384                    (abs)        000000
__CFG_WRT0$OFF                       (abs)        000000
__CFG_WRT1$OFF                       (abs)        000000
__CFG_WRTB$OFF                       (abs)        000000
__CFG_WRTC$OFF                       (abs)        000000
__CFG_WRTD$OFF                       (abs)        000000
__CFG_XINST$OFF                      (abs)        000000
__HRAM                               (abs)        000000
__Habs1                              abs1         000000
__Hbank0                             bank0        000000
__Hbank1                             bank1        000000
__Hbank2                             bank2        000000
__Hbigbss                            bigbss       000000
__Hbigdata                           bigdata      000000
__Hbigram                            bigram       000000
__Hbss                               bss          000000
__HbssBANK0                          bssBANK0     000000
__HbssCOMRAM                         bssCOMRAM    000000
__Hcinit                             cinit        000000
__Hclrtext                           clrtext      000000
__Hcomram                            comram       000000
__Hconfig                            config       30000E
__Hconst                             const        000000
__HcstackBANK0                       cstackBANK0  000000
__HcstackCOMRAM                      cstackCOMRAM 000000
__Hdata                              data         000000
__HdataCOMRAM                        dataCOMRAM   000000
__Heeprom_data                       eeprom_data  000000
__Hend_init                          end_init     00001C
__Hfarbss                            farbss       000000
__Hfardata                           fardata      000000
__Hibigdata                          ibigdata     000000
__Hidata                             idata        000000
__HidataCOMRAM                       idataCOMRAM  000000
__Hidloc                             idloc        200008
__Hifardata                          ifardata     000000
__Hinit                              init         000018
__Hintcode                           intcode      000018
__Hintcode_body                      intcode_body 000000
__Hintcodelo                         intcodelo    000018
__Hintentry                          intentry     000000
__Hintret                            intret       000000
__Hintsave_regs                      intsave_regs 000000
__Hirdata                            irdata       000000
__Hmediumconst                       mediumconst  000000
__HnvFARRAM                          nvFARRAM     000000
__Hnvbit                             nvbit        000000
__Hnvrram                            nvrram       000000
__Hparam                             rparam       000000
__Hpowerup                           powerup      000018
__Hram                               ram          000000
__Hramtop                            ramtop       000300
__Hrbit                              rbit         000000
__Hrbss                              rbss         000000
__Hrdata                             rdata        000000
__Hreset_vec                         reset_vec    000004
__Hrparam                            rparam       000000
__Hsfr                               sfr          000000
__Hsmallconst                        smallconst   000000
__Hspace_0                           (abs)        30000E
__Hspace_1                           (abs)        0000E9
__Hspace_2                           (abs)        000000
__Hstack                             stack        000000
__Hstruct                            struct       000000
__Htemp                              temp         000000
__Htext                              text         000000
__Htext0                             text0        000000
__Htext1                             text1        000000
__Htext10                            text10       000000
__Htext11                            text11       000000
__Htext12                            text12       000000
__Htext13                            text13       000000
__Htext14                            text14       000000
__Htext15                            text15       000000
__Htext16                            text16       000000
__Htext17                            text17       000000
__Htext18                            text18       000000
__Htext19                            text19       000000
__Htext2                             text2        000000
__Htext20                            text20       000000
__Htext21                            text21       000000
__Htext22                            text22       000000
__Htext23                            text23       000000
__Htext24                            text24       000000
__Htext25                            text25       000000
__Htext26                            text26       000000
__Htext27                            text27       000000
__Htext28                            text28       000000
__Htext29                            text29       000000
__Htext3                             text3        000000
__Htext30                            text30       000000
__Htext4                             text4        000000
__Htext5                             text5        000000
__Htext6                             text6        000000
__Htext7                             text7        000000
__Htext8                             text8        000000
__Htext9                             text9        000000
__LRAM                               (abs)        000001
__Labs1                              abs1         000000
__Lbank0                             bank0        000000
__Lbank1                             bank1        000000
__Lbank2                             bank2        000000
__Lbigbss                            bigbss       000000
__Lbigdata                           bigdata      000000
__Lbigram                            bigram       000000
__Lbss                               bss          000000
__LbssBANK0                          bssBANK0     000000
__LbssCOMRAM                         bssCOMRAM    000000
__Lcinit                             cinit        000000
__Lclrtext                           clrtext      000000
__Lcomram                            comram       000000
__Lconfig                            config       300000
__Lconst                             const        000000
__LcstackBANK0                       cstackBANK0  000000
__LcstackCOMRAM                      cstackCOMRAM 000000
__Ldata                              data         000000
__LdataCOMRAM                        dataCOMRAM   000000
__Leeprom_data                       eeprom_data  000000
__Lend_init                          end_init     000018
__Lfarbss                            farbss       000000
__Lfardata                           fardata      000000
__Libigdata                          ibigdata     000000
__Lidata                             idata        000000
__LidataCOMRAM                       idataCOMRAM  000000
__Lidloc                             idloc        200000
__Lifardata                          ifardata     000000
__Linit                              init         000018
__Lintcode                           intcode      000008
__Lintcode_body                      intcode_body 000000
__Lintcodelo                         intcodelo    000018
__Lintentry                          intentry     000000
__Lintret                            intret       000000
__Lintsave_regs                      intsave_regs 000000
__Lirdata                            irdata       000000
__Lmediumconst                       mediumconst  000000
__LnvFARRAM                          nvFARRAM     000000
__Lnvbit                             nvbit        000000
__Lnvrram                            nvrram       000000
__Lparam                             rparam       000000
__Lpowerup                           powerup      000018
__Lram                               ram          000000
__Lramtop                            ramtop       000300
__Lrbit                              rbit         000000
__Lrbss                              rbss         000000
__Lrdata                             rdata        000000
__Lreset_vec                         reset_vec    000000
__Lrparam                            rparam       000000
__Lsfr                               sfr          000000
__Lsmallconst                        smallconst   000000
__Lspace_0                           (abs)        000000
__Lspace_1                           (abs)        000000
__Lspace_2                           (abs)        000000
__Lstack                             stack        000000
__Lstruct                            struct       000000
__Ltemp                              temp         000000
__Ltext                              text         000000
__Ltext0                             text0        000000
__Ltext1                             text1        000000
__Ltext10                            text10       000000
__Ltext11                            text11       000000
__Ltext12                            text12       000000
__Ltext13                            text13       000000
__Ltext14                            text14       000000
__Ltext15                            text15       000000
__Ltext16                            text16       000000
__Ltext17                            text17       000000
__Ltext18                            text18       000000
__Ltext19                            text19       000000
__Ltext2                             text2        000000
__Ltext20                            text20       000000
__Ltext21                            text21       000000
__Ltext22                            text22       000000
__Ltext23                            text23       000000
__Ltext24                            text24       000000
__Ltext25                            text25       000000
__Ltext26                            text26       000000
__Ltext27                            text27       000000
__Ltext28                            text28       000000
__Ltext29                            text29       000000
__Ltext3                             text3        000000
__Ltext30                            text30       000000
__Ltext4                             text4        000000
__Ltext5                             text5        000000
__Ltext6                             text6        000000
__Ltext7                             text7        000000
__Ltext8                             text8        000000
__Ltext9                             text9        000000
__S0                                 (abs)        30000E
__S1                                 (abs)        0000E9
__S2                                 (abs)        000000
___inthi_sp                          stack        000000
___intlo_sp                          stack        000000
___sp                                stack        000000
__accesstop                          (abs)        000080
__activetblptr                       (abs)        000002
__end_of__initialization             cinit        0008D6
__end_of_batt_launch_acq             text26       00089E
__end_of_calibration                 text29       000628
__end_of_hyt221_getHumidity          text25       000AC0
__end_of_hyt221_getTemp              text24       0009B8
__end_of_hyt221_launch_acq           text19       000A0A
__end_of_hyt221_operation            text18       0006BC
__end_of_i2c_setup                   text28       00098A
__end_of_i2c_trig_start              text21       000B38
__end_of_i2c_trig_stop               text20       000B40
__end_of_i2c_wait_idle               text23       000AF4
__end_of_i2c_wait_ready              text22       000AE4
__end_of_isr_hi                      intcode_body 000482
__end_of_leds_glitch                 text30       000AAC
__end_of_main                        text0        000856
__end_of_main_loop                   text2        000344
__end_of_timer0_wait_262ms           text7        000A4E
__end_of_timer0_wait_65ms            text16       000A70
__end_of_timer0_wait_ready           text17       000AD2
__end_of_uart_read                   text6        0007A8
__end_of_uart_setup                  text1        000A8E
__end_of_uart_write                  text13       00091E
__end_of_zb_decodage                 text5        0001D4
__end_of_zb_doChecksum               text12       0009E2
__end_of_zb_handle                   text4        000562
__end_of_zb_handle_getStatus         text15       000B44
__end_of_zb_handle_resetStatus       text14       000B1E
__end_of_zb_handle_sendData          text10       000748
__end_of_zb_handle_setHumidityRaw    text9        000B10
__end_of_zb_handle_setTempRaw        text8        000B02
__end_of_zb_handle_setbatVolt        text27       000B2C
__end_of_zb_handle_waitAck           text3        00095A
__end_of_zigbee_appendChecksum       text11       000802
__initialization                     cinit        00089E
__mediumconst                        mediumconst  000000
__pbssBANK0                          bssBANK0     000080
__pbssCOMRAM                         bssCOMRAM    00002C
__pcinit                             cinit        00089E
__pcstackBANK0                       cstackBANK0  0000E4
__pcstackCOMRAM                      cstackCOMRAM 000001
__pdataCOMRAM                        dataCOMRAM   00004E
__pidataCOMRAM                       idataCOMRAM  000A0A
__pintcode                           intcode      000008
__pintcode_body                      intcode_body 000344
__ptext0                             text0        000802
__ptext1                             text1        000A70
__ptext10                            text10       0006BC
__ptext11                            text11       0007A8
__ptext12                            text12       0009B8
__ptext13                            text13       0008E0
__ptext14                            text14       000B10
__ptext15                            text15       000B40
__ptext16                            text16       000A4E
__ptext17                            text17       000AC0
__ptext18                            text18       000628
__ptext19                            text19       0009E2
__ptext2                             text2        0001D4
__ptext20                            text20       000B38
__ptext21                            text21       000B2C
__ptext22                            text22       000AD2
__ptext23                            text23       000AE4
__ptext24                            text24       00098A
__ptext25                            text25       000AAC
__ptext26                            text26       000856
__ptext27                            text27       000B1E
__ptext28                            text28       00095A
__ptext29                            text29       000562
__ptext3                             text3        00091E
__ptext30                            text30       000A8E
__ptext4                             text4        000482
__ptext5                             text5        00001C
__ptext6                             text6        000748
__ptext7                             text7        000A2C
__ptext8                             text8        000AF4
__ptext9                             text9        000B02
__ramtop                             ramtop       000300
__size_of_batt_launch_acq            (abs)        000000
__size_of_calibration                (abs)        000000
__size_of_hyt221_getHumidity         (abs)        000000
__size_of_hyt221_getTemp             (abs)        000000
__size_of_hyt221_launch_acq          (abs)        000000
__size_of_hyt221_operation           (abs)        000000
__size_of_i2c_setup                  (abs)        000000
__size_of_i2c_trig_start             (abs)        000000
__size_of_i2c_trig_stop              (abs)        000000
__size_of_i2c_wait_idle              (abs)        000000
__size_of_i2c_wait_ready             (abs)        000000
__size_of_isr_hi                     (abs)        000000
__size_of_leds_glitch                (abs)        000000
__size_of_main                       (abs)        000000
__size_of_main_loop                  (abs)        000000
__size_of_timer0_wait_262ms          (abs)        000000
__size_of_timer0_wait_65ms           (abs)        000000
__size_of_timer0_wait_ready          (abs)        000000
__size_of_uart_read                  (abs)        000000
__size_of_uart_setup                 (abs)        000000
__size_of_uart_write                 (abs)        000000
__size_of_zb_decodage                (abs)        000000
__size_of_zb_doChecksum              (abs)        000000
__size_of_zb_handle                  (abs)        000000
__size_of_zb_handle_getStatus        (abs)        000000
__size_of_zb_handle_resetStatus      (abs)        000000
__size_of_zb_handle_sendData         (abs)        000000
__size_of_zb_handle_setHumidityRaw   (abs)        000000
__size_of_zb_handle_setTempRaw       (abs)        000000
__size_of_zb_handle_setbatVolt       (abs)        000000
__size_of_zb_handle_waitAck          (abs)        000000
__size_of_zigbee_appendChecksum      (abs)        000000
__smallconst                         smallconst   000000
_batt_counter                        bssCOMRAM    00003C
_batt_launch_acq                     text26       000856
_batt_value                          bssCOMRAM    00003F
_calibr                              bssCOMRAM    000044
_calibration                         text29       000562
_gData                               bssCOMRAM    000035
_hyt221_getHumidity                  text25       000AAC
_hyt221_getTemp                      text24       00098A
_hyt221_launch_acq                   text19       0009E2
_hyt221_operation                    text18       000628
_i2c_interupt_done                   bssCOMRAM    000045
_i2c_setup                           text28       00095A
_i2c_trig_start                      text21       000B2C
_i2c_trig_stop                       text20       000B38
_i2c_wait_idle                       text23       000AE4
_i2c_wait_ready                      text22       000AD2
_isr_hi                              intcode      000008
_leds_glitch                         text30       000A8E
_main                                text0        000802
_main_loop                           text2        0001D4
_main_state                          bssCOMRAM    000046
_sensor_data                         bssCOMRAM    00002C
_timer0_interupt_done                bssCOMRAM    000047
_timer0_wait_262ms                   text7        000A2C
_timer0_wait_65ms                    text16       000A4E
_timer0_wait_ready                   text17       000AC0
_uart_read                           text6        000748
_uart_setup                          text1        000A70
_uart_write                          text13       0008E0
_wait_join_counter                   bssCOMRAM    000048
_zb_counter                          bssCOMRAM    000049
_zb_currentAck                       bssCOMRAM    00004A
_zb_currentFrameID                   bssCOMRAM    00004B
_zb_decodage                         text5        00001C
_zb_doChecksum                       text12       0009B8
_zb_frameID                          dataCOMRAM   00004E
_zb_frameReceived                    bssBANK0     0000B2
_zb_frameToSend                      dataCOMRAM   00004F
_zb_handle                           text4        000482
_zb_handle_getStatus                 text15       000B40
_zb_handle_resetStatus               text14       000B10
_zb_handle_sendData                  text10       0006BC
_zb_handle_setHumidityRaw            text9        000B02
_zb_handle_setTempRaw                text8        000AF4
_zb_handle_setbatVolt                text27       000B1E
_zb_handle_waitAck                   text3        00091E
_zb_state                            bssCOMRAM    00004C
_zb_status                           bssCOMRAM    00004D
_zigbee_appendChecksum               text11       0007A8
calibration@tryCounter               cstackCOMRAM 000014
calibration@w                        cstackCOMRAM 000015
end_of_initialization                cinit        0008D6
hyt221_getHumidity@humidity_raw      cstackCOMRAM 000013
hyt221_getTemp@temp_raw              cstackCOMRAM 000015
hyt221_operation@bDeviceDataAreStale cstackCOMRAM 000013
hyt221_operation@index               cstackCOMRAM 000014
int_func                             intcode_body 000344
intlevel0                            text         000000
intlevel1                            text         000000
intlevel2                            text         000000
intlevel3                            text         000000
isr_hi@dummy                         cstackCOMRAM 000010
leds_glitch@leds                     cstackCOMRAM 000012
main_loop@bAckReceived               cstackBANK0  0000E7
main_loop@hyt221_status              cstackBANK0  0000E8
main_loop@zb_status                  cstackBANK0  0000E6
stackhi                              (abs)        0002FF
stacklo                              (abs)        0000E9
start                                init         000018
start_initialization                 cinit        00089E
uart_read@b                          cstackCOMRAM 000014
uart_read@buffer                     cstackCOMRAM 000011
uart_read@expectedNbRead             cstackCOMRAM 000016
uart_read@i                          cstackCOMRAM 000017
uart_read@nbToRead                   cstackCOMRAM 000013
uart_write@b                         cstackCOMRAM 000013
uart_write@buffer                    cstackCOMRAM 000011
uart_write@i                         cstackCOMRAM 000016
uart_write@size                      cstackCOMRAM 000015
zb_decodage@bCorrectlyDecoded        cstackCOMRAM 000020
zb_decodage@checksum                 cstackCOMRAM 00001F
zb_decodage@decodedFrame             cstackCOMRAM 000019
zb_decodage@frame                    cstackCOMRAM 000016
zb_decodage@frameSize                cstackCOMRAM 000018
zb_doChecksum@checksum               cstackCOMRAM 000014
zb_doChecksum@frame                  cstackCOMRAM 000011
zb_doChecksum@i                      cstackCOMRAM 000015
zb_doChecksum@size                   cstackCOMRAM 000013
zb_handle@bSuccess                   cstackCOMRAM 000023
zb_handle@decodedFrame               cstackCOMRAM 000024
zb_handle@sizeOfNextData             cstackCOMRAM 000021
zb_handle_sendData@frameSize         cstackCOMRAM 000020
zb_handle_setHumidityRaw@humidityRaw cstackCOMRAM 000015
zb_handle_setTempRaw@tempRaw         cstackCOMRAM 000017
zb_handle_setbatVolt@battVoltage     cstackCOMRAM 000011
zb_handle_waitAck@bAckReceived       cstackBANK0  0000E5
zb_handle_waitAck@retryCounter       cstackBANK0  0000E4
zigbee_appendChecksum@buffer         cstackCOMRAM 000016
zigbee_appendChecksum@sizeFrame      cstackCOMRAM 000018


FUNCTION INFORMATION:

 *************** function _main *****************
 Defined at:
		line 40 in file "main.c"
 Parameters:    Size  Location     Type
		None
 Auto vars:     Size  Location     Type
		None
 Return value:  Size  Location     Type
                  2   96[COMRAM] int 
 Registers used:
		wreg, fsr1l, fsr1h, fsr2l, fsr2h, status,2, status,0, prodl, prodh, cstack
 Tracked objects:
		On entry : 
		On exit  : 
		Unchanged: 
 Data sizes:     COMRAM   BANK0   BANK1   BANK2
      Params:         0       0       0       0
      Locals:         0       0       0       0
      Temps:          0       0       0       0
      Totals:         0       0       0       0
Total ram usage:        0 bytes
 Hardware stack levels required when called:    6
 This function calls:
		_calibration
		_i2c_setup
		_main_loop
		_uart_setup
 This function is called by:
		Startup code after reset
 This function uses a non-reentrant model


 *************** function _uart_setup *****************
 Defined at:
		line 11 in file "uart.c"
 Parameters:    Size  Location     Type
		None
 Auto vars:     Size  Location     Type
		None
 Return value:  Size  Location     Type
		None               void
 Registers used:
		wreg, status,2
 Tracked objects:
		On entry : 
		On exit  : 
		Unchanged: 
 Data sizes:     COMRAM   BANK0   BANK1   BANK2
      Params:         0       0       0       0
      Locals:         0       0       0       0
      Temps:          0       0       0       0
      Totals:         0       0       0       0
Total ram usage:        0 bytes
 Hardware stack levels used:    1
 Hardware stack levels required when called:    1
 This function calls:
		Nothing
 This function is called by:
		_main
 This function uses a non-reentrant model


 *************** function _main_loop *****************
 Defined at:
		line 89 in file "main.c"
 Parameters:    Size  Location     Type
		None
 Auto vars:     Size  Location     Type
  bAckReceived    1    3[BANK0 ] enum E3083
  hyt221_statu    1    4[BANK0 ] enum E3778
  zb_status       1    2[BANK0 ] enum E3761
 Return value:  Size  Location     Type
		None               void
 Registers used:
		wreg, fsr1l, fsr1h, fsr2l, fsr2h, status,2, status,0, prodl, prodh, cstack
 Tracked objects:
		On entry : 
		On exit  : 
		Unchanged: 
 Data sizes:     COMRAM   BANK0   BANK1   BANK2
      Params:         0       0       0       0
      Locals:         0       3       0       0
      Temps:          0       0       0       0
      Totals:         0       3       0       0
Total ram usage:        3 bytes
 Hardware stack levels used:    1
 Hardware stack levels required when called:    5
 This function calls:
		_batt_launch_acq
		_hyt221_getHumidity
		_hyt221_getTemp
		_hyt221_launch_acq
		_hyt221_operation
		_leds_glitch
		_timer0_wait_262ms
		_timer0_wait_65ms
		_zb_handle
		_zb_handle_getStatus
		_zb_handle_resetStatus
		_zb_handle_sendData
		_zb_handle_setHumidityRaw
		_zb_handle_setTempRaw
		_zb_handle_waitAck
 This function is called by:
		_main
 This function uses a non-reentrant model


 *************** function _zb_handle_waitAck *****************
 Defined at:
		line 233 in file "zb_handle.c"
 Parameters:    Size  Location     Type
		None
 Auto vars:     Size  Location     Type
  bAckReceived    1    1[BANK0 ] enum E3195
  retryCounter    1    0[BANK0 ] unsigned char 
 Return value:  Size  Location     Type
                  1    wreg      enum E3083
 Registers used:
		wreg, fsr1l, fsr1h, fsr2l, fsr2h, status,2, status,0, prodl, prodh, cstack
 Tracked objects:
		On entry : 
		On exit  : 
		Unchanged: 
 Data sizes:     COMRAM   BANK0   BANK1   BANK2
      Params:         0       0       0       0
      Locals:         0       2       0       0
      Temps:          0       0       0       0
      Totals:         0       2       0       0
Total ram usage:        2 bytes
 Hardware stack levels used:    1
 Hardware stack levels required when called:    4
 This function calls:
		_timer0_wait_262ms
		_zb_handle
 This function is called by:
		_main_loop
 This function uses a non-reentrant model


 *************** function _zb_handle *****************
 Defined at:
		line 159 in file "zb_handle.c"
 Parameters:    Size  Location     Type
		None
 Auto vars:     Size  Location     Type
  decodedFrame    8   35[COMRAM] struct .
  sizeOfNextDa    2   32[COMRAM] unsigned int 
  bSuccess        1   34[COMRAM] enum E3195
 Return value:  Size  Location     Type
		None               void
 Registers used:
		wreg, fsr1l, fsr1h, fsr2l, fsr2h, status,2, status,0, prodl, prodh, cstack
 Tracked objects:
		On entry : 
		On exit  : 
		Unchanged: 
 Data sizes:     COMRAM   BANK0   BANK1   BANK2
      Params:         0       0       0       0
      Locals:        11       0       0       0
      Temps:          0       0       0       0
      Totals:        11       0       0       0
Total ram usage:       11 bytes
 Hardware stack levels used:    1
 Hardware stack levels required when called:    3
 This function calls:
		_leds_glitch
		_uart_read
		_zb_decodage
 This function is called by:
		_main_loop
		_zb_handle_waitAck
 This function uses a non-reentrant model


 *************** function _zb_decodage *****************
 Defined at:
		line 22 in file "zb.c"
 Parameters:    Size  Location     Type
  frame           2   21[COMRAM] PTR unsigned char 
		 -> zb_frameReceived(50), 
  frameSize       1   23[COMRAM] unsigned char 
  decodedFrame    2   24[COMRAM] PTR struct .
		 -> zb_handle@decodedFrame(8), 
 Auto vars:     Size  Location     Type
  bCorrectlyDe    1   31[COMRAM] enum E3083
  checksum        1   30[COMRAM] unsigned char 
 Return value:  Size  Location     Type
                  1    wreg      enum E3083
 Registers used:
		wreg, fsr1l, fsr1h, fsr2l, fsr2h, status,2, status,0, prodl, prodh, cstack
 Tracked objects:
		On entry : 
		On exit  : 
		Unchanged: 
 Data sizes:     COMRAM   BANK0   BANK1   BANK2
      Params:         5       0       0       0
      Locals:         2       0       0       0
      Temps:          4       0       0       0
      Totals:        11       0       0       0
Total ram usage:       11 bytes
 Hardware stack levels used:    1
 Hardware stack levels required when called:    2
 This function calls:
		_zb_doChecksum
 This function is called by:
		_zb_handle
 This function uses a non-reentrant model


 *************** function _uart_read *****************
 Defined at:
		line 48 in file "uart.c"
 Parameters:    Size  Location     Type
  buffer          2   16[COMRAM] PTR unsigned char 
		 -> zb_frameReceived(50), 
  nbToRead        1   18[COMRAM] unsigned char 
 Auto vars:     Size  Location     Type
  b               2   19[COMRAM] PTR unsigned char 
		 -> zb_frameReceived(50), 
  i               1   22[COMRAM] unsigned char 
  expectedNbRe    1   21[COMRAM] enum E3083
 Return value:  Size  Location     Type
                  1    wreg      enum E3083
 Registers used:
		wreg, fsr1l, fsr1h, fsr2l, fsr2h, status,2, status,0, prodl, prodh
 Tracked objects:
		On entry : 
		On exit  : 
		Unchanged: 
 Data sizes:     COMRAM   BANK0   BANK1   BANK2
      Params:         3       0       0       0
      Locals:         4       0       0       0
      Temps:          0       0       0       0
      Totals:         7       0       0       0
Total ram usage:        7 bytes
 Hardware stack levels used:    1
 Hardware stack levels required when called:    1
 This function calls:
		Nothing
 This function is called by:
		_zb_handle
 This function uses a non-reentrant model


 *************** function _timer0_wait_262ms *****************
 Defined at:
		line 26 in file "timer.c"
 Parameters:    Size  Location     Type
		None
 Auto vars:     Size  Location     Type
		None
 Return value:  Size  Location     Type
		None               void
 Registers used:
		wreg, status,2, cstack
 Tracked objects:
		On entry : 
		On exit  : 
		Unchanged: 
 Data sizes:     COMRAM   BANK0   BANK1   BANK2
      Params:         0       0       0       0
      Locals:         0       0       0       0
      Temps:          0       0       0       0
      Totals:         0       0       0       0
Total ram usage:        0 bytes
 Hardware stack levels used:    1
 Hardware stack levels required when called:    2
 This function calls:
		_timer0_wait_ready
 This function is called by:
		_main_loop
		_zb_handle_waitAck
 This function uses a non-reentrant model


 *************** function _zb_handle_setTempRaw *****************
 Defined at:
		line 96 in file "zb_handle.c"
 Parameters:    Size  Location     Type
  tempRaw         2   22[COMRAM] unsigned int 
 Auto vars:     Size  Location     Type
		None
 Return value:  Size  Location     Type
		None               void
 Registers used:
		wreg, status,2
 Tracked objects:
		On entry : 
		On exit  : 
		Unchanged: 
 Data sizes:     COMRAM   BANK0   BANK1   BANK2
      Params:         2       0       0       0
      Locals:         0       0       0       0
      Temps:          0       0       0       0
      Totals:         2       0       0       0
Total ram usage:        2 bytes
 Hardware stack levels used:    1
 Hardware stack levels required when called:    1
 This function calls:
		Nothing
 This function is called by:
		_main_loop
 This function uses a non-reentrant model


 *************** function _zb_handle_setHumidityRaw *****************
 Defined at:
		line 102 in file "zb_handle.c"
 Parameters:    Size  Location     Type
  humidityRaw     2   20[COMRAM] unsigned int 
 Auto vars:     Size  Location     Type
		None
 Return value:  Size  Location     Type
		None               void
 Registers used:
		wreg, status,2
 Tracked objects:
		On entry : 
		On exit  : 
		Unchanged: 
 Data sizes:     COMRAM   BANK0   BANK1   BANK2
      Params:         2       0       0       0
      Locals:         0       0       0       0
      Temps:          0       0       0       0
      Totals:         2       0       0       0
Total ram usage:        2 bytes
 Hardware stack levels used:    1
 Hardware stack levels required when called:    1
 This function calls:
		Nothing
 This function is called by:
		_main_loop
 This function uses a non-reentrant model


 *************** function _zb_handle_sendData *****************
 Defined at:
		line 122 in file "zb_handle.c"
 Parameters:    Size  Location     Type
		None
 Auto vars:     Size  Location     Type
  frameSize       1   31[COMRAM] unsigned char 
 Return value:  Size  Location     Type
		None               void
 Registers used:
		wreg, fsr2l, fsr2h, status,2, status,0, prodl, prodh, cstack
 Tracked objects:
		On entry : 
		On exit  : 
		Unchanged: 
 Data sizes:     COMRAM   BANK0   BANK1   BANK2
      Params:         0       0       0       0
      Locals:         1       0       0       0
      Temps:          3       0       0       0
      Totals:         4       0       0       0
Total ram usage:        4 bytes
 Hardware stack levels used:    1
 Hardware stack levels required when called:    3
 This function calls:
		_uart_write
		_zigbee_appendChecksum
 This function is called by:
		_main_loop
 This function uses a non-reentrant model


 *************** function _zigbee_appendChecksum *****************
 Defined at:
		line 153 in file "zb_handle.c"
 Parameters:    Size  Location     Type
  buffer          2   21[COMRAM] PTR unsigned char 
		 -> zb_frameToSend(33), 
  sizeFrame       2   23[COMRAM] PTR unsigned char 
		 -> zb_handle_sendData@frameSize(1), 
 Auto vars:     Size  Location     Type
		None
 Return value:  Size  Location     Type
		None               void
 Registers used:
		wreg, fsr2l, fsr2h, status,2, status,0, prodl, prodh, cstack
 Tracked objects:
		On entry : 
		On exit  : 
		Unchanged: 
 Data sizes:     COMRAM   BANK0   BANK1   BANK2
      Params:         4       0       0       0
      Locals:         0       0       0       0
      Temps:          3       0       0       0
      Totals:         7       0       0       0
Total ram usage:        7 bytes
 Hardware stack levels used:    1
 Hardware stack levels required when called:    2
 This function calls:
		_zb_doChecksum
 This function is called by:
		_zb_handle_sendData
 This function uses a non-reentrant model


 *************** function _zb_doChecksum *****************
 Defined at:
		line 9 in file "zb.c"
 Parameters:    Size  Location     Type
  frame           2   16[COMRAM] PTR unsigned char 
		 -> zb_frameReceived(50), zb_frameToSend(33), 
  size            1   18[COMRAM] unsigned char 
 Auto vars:     Size  Location     Type
  i               1   20[COMRAM] unsigned char 
  checksum        1   19[COMRAM] unsigned char 
 Return value:  Size  Location     Type
                  1    wreg      unsigned char 
 Registers used:
		wreg, fsr2l, fsr2h, status,2, status,0, prodl, prodh
 Tracked objects:
		On entry : 
		On exit  : 
		Unchanged: 
 Data sizes:     COMRAM   BANK0   BANK1   BANK2
      Params:         3       0       0       0
      Locals:         2       0       0       0
      Temps:          0       0       0       0
      Totals:         5       0       0       0
Total ram usage:        5 bytes
 Hardware stack levels used:    1
 Hardware stack levels required when called:    1
 This function calls:
		Nothing
 This function is called by:
		_zb_decodage
		_zigbee_appendChecksum
 This function uses a non-reentrant model


 *************** function _uart_write *****************
 Defined at:
		line 28 in file "uart.c"
 Parameters:    Size  Location     Type
  size            1    wreg     unsigned char 
  buffer          2   16[COMRAM] PTR unsigned char 
		 -> zb_frameToSend(33), 
 Auto vars:     Size  Location     Type
  size            1   20[COMRAM] unsigned char 
  b               2   18[COMRAM] PTR unsigned char 
		 -> zb_frameToSend(33), 
  i               1   21[COMRAM] unsigned char 
 Return value:  Size  Location     Type
		None               void
 Registers used:
		wreg, fsr2l, fsr2h, status,2, status,0, prodl, prodh
 Tracked objects:
		On entry : 
		On exit  : 
		Unchanged: 
 Data sizes:     COMRAM   BANK0   BANK1   BANK2
      Params:         2       0       0       0
      Locals:         4       0       0       0
      Temps:          0       0       0       0
      Totals:         6       0       0       0
Total ram usage:        6 bytes
 Hardware stack levels used:    1
 Hardware stack levels required when called:    1
 This function calls:
		Nothing
 This function is called by:
		_zb_handle_sendData
 This function uses a non-reentrant model


 *************** function _zb_handle_resetStatus *****************
 Defined at:
		line 114 in file "zb_handle.c"
 Parameters:    Size  Location     Type
		None
 Auto vars:     Size  Location     Type
		None
 Return value:  Size  Location     Type
		None               void
 Registers used:
		wreg, status,2
 Tracked objects:
		On entry : 
		On exit  : 
		Unchanged: 
 Data sizes:     COMRAM   BANK0   BANK1   BANK2
      Params:         0       0       0       0
      Locals:         0       0       0       0
      Temps:          0       0       0       0
      Totals:         0       0       0       0
Total ram usage:        0 bytes
 Hardware stack levels used:    1
 Hardware stack levels required when called:    1
 This function calls:
		Nothing
 This function is called by:
		_main_loop
 This function uses a non-reentrant model


 *************** function _zb_handle_getStatus *****************
 Defined at:
		line 91 in file "zb_handle.c"
 Parameters:    Size  Location     Type
		None
 Auto vars:     Size  Location     Type
		None
 Return value:  Size  Location     Type
                  1    wreg      enum E3761
 Registers used:
		wreg, status,2
 Tracked objects:
		On entry : 
		On exit  : 
		Unchanged: 
 Data sizes:     COMRAM   BANK0   BANK1   BANK2
      Params:         0       0       0       0
      Locals:         0       0       0       0
      Temps:          0       0       0       0
      Totals:         0       0       0       0
Total ram usage:        0 bytes
 Hardware stack levels used:    1
 Hardware stack levels required when called:    1
 This function calls:
		Nothing
 This function is called by:
		_main_loop
 This function uses a non-reentrant model


 *************** function _timer0_wait_65ms *****************
 Defined at:
		line 11 in file "timer.c"
 Parameters:    Size  Location     Type
		None
 Auto vars:     Size  Location     Type
		None
 Return value:  Size  Location     Type
		None               void
 Registers used:
		wreg, status,2, cstack
 Tracked objects:
		On entry : 
		On exit  : 
		Unchanged: 
 Data sizes:     COMRAM   BANK0   BANK1   BANK2
      Params:         0       0       0       0
      Locals:         0       0       0       0
      Temps:          0       0       0       0
      Totals:         0       0       0       0
Total ram usage:        0 bytes
 Hardware stack levels used:    1
 Hardware stack levels required when called:    2
 This function calls:
		_timer0_wait_ready
 This function is called by:
		_main_loop
 This function uses a non-reentrant model


 *************** function _timer0_wait_ready *****************
 Defined at:
		line 42 in file "timer.c"
 Parameters:    Size  Location     Type
		None
 Auto vars:     Size  Location     Type
		None
 Return value:  Size  Location     Type
		None               void
 Registers used:
		wreg, status,2
 Tracked objects:
		On entry : 
		On exit  : 
		Unchanged: 
 Data sizes:     COMRAM   BANK0   BANK1   BANK2
      Params:         0       0       0       0
      Locals:         0       0       0       0
      Temps:          0       0       0       0
      Totals:         0       0       0       0
Total ram usage:        0 bytes
 Hardware stack levels used:    1
 Hardware stack levels required when called:    1
 This function calls:
		Nothing
 This function is called by:
		_timer0_wait_65ms
		_timer0_wait_262ms
 This function uses a non-reentrant model


 *************** function _hyt221_operation *****************
 Defined at:
		line 44 in file "hyt221.c"
 Parameters:    Size  Location     Type
		None
 Auto vars:     Size  Location     Type
  index           1   19[COMRAM] char 
  bDeviceDataA    1   18[COMRAM] enum E3083
 Return value:  Size  Location     Type
                  1    wreg      enum E3778
 Registers used:
		wreg, fsr2l, fsr2h, status,2, status,0, prodl, prodh, cstack
 Tracked objects:
		On entry : 
		On exit  : 
		Unchanged: 
 Data sizes:     COMRAM   BANK0   BANK1   BANK2
      Params:         0       0       0       0
      Locals:         2       0       0       0
      Temps:          0       0       0       0
      Totals:         2       0       0       0
Total ram usage:        2 bytes
 Hardware stack levels used:    1
 Hardware stack levels required when called:    3
 This function calls:
		_i2c_trig_start
		_i2c_trig_stop
		_i2c_wait_idle
		_i2c_wait_ready
		_leds_glitch
 This function is called by:
		_main_loop
 This function uses a non-reentrant model


 *************** function _hyt221_launch_acq *****************
 Defined at:
		line 20 in file "hyt221.c"
 Parameters:    Size  Location     Type
		None
 Auto vars:     Size  Location     Type
		None
 Return value:  Size  Location     Type
                  1    wreg      enum E3778
 Registers used:
		wreg, status,2, status,0, cstack
 Tracked objects:
		On entry : 
		On exit  : 
		Unchanged: 
 Data sizes:     COMRAM   BANK0   BANK1   BANK2
      Params:         0       0       0       0
      Locals:         0       0       0       0
      Temps:          0       0       0       0
      Totals:         0       0       0       0
Total ram usage:        0 bytes
 Hardware stack levels used:    1
 Hardware stack levels required when called:    3
 This function calls:
		_i2c_trig_start
		_i2c_trig_stop
		_i2c_wait_idle
		_i2c_wait_ready
		_leds_glitch
 This function is called by:
		_main_loop
 This function uses a non-reentrant model


 *************** function _i2c_trig_stop *****************
 Defined at:
		line 61 in file "i2c.c"
 Parameters:    Size  Location     Type
		None
 Auto vars:     Size  Location     Type
		None
 Return value:  Size  Location     Type
		None               void
 Registers used:
		wreg, status,2, cstack
 Tracked objects:
		On entry : 
		On exit  : 
		Unchanged: 
 Data sizes:     COMRAM   BANK0   BANK1   BANK2
      Params:         0       0       0       0
      Locals:         0       0       0       0
      Temps:          0       0       0       0
      Totals:         0       0       0       0
Total ram usage:        0 bytes
 Hardware stack levels used:    1
 Hardware stack levels required when called:    2
 This function calls:
		_i2c_wait_ready
 This function is called by:
		_hyt221_launch_acq
		_hyt221_operation
 This function uses a non-reentrant model


 *************** function _i2c_trig_start *****************
 Defined at:
		line 53 in file "i2c.c"
 Parameters:    Size  Location     Type
		None
 Auto vars:     Size  Location     Type
		None
 Return value:  Size  Location     Type
		None               void
 Registers used:
		wreg, status,2, status,0, cstack
 Tracked objects:
		On entry : 
		On exit  : 
		Unchanged: 
 Data sizes:     COMRAM   BANK0   BANK1   BANK2
      Params:         0       0       0       0
      Locals:         0       0       0       0
      Temps:          0       0       0       0
      Totals:         0       0       0       0
Total ram usage:        0 bytes
 Hardware stack levels used:    1
 Hardware stack levels required when called:    2
 This function calls:
		_i2c_wait_idle
		_i2c_wait_ready
 This function is called by:
		_hyt221_launch_acq
		_hyt221_operation
 This function uses a non-reentrant model


 *************** function _i2c_wait_ready *****************
 Defined at:
		line 35 in file "i2c.c"
 Parameters:    Size  Location     Type
		None
 Auto vars:     Size  Location     Type
		None
 Return value:  Size  Location     Type
		None               void
 Registers used:
		wreg, status,2
 Tracked objects:
		On entry : 
		On exit  : 
		Unchanged: 
 Data sizes:     COMRAM   BANK0   BANK1   BANK2
      Params:         0       0       0       0
      Locals:         0       0       0       0
      Temps:          0       0       0       0
      Totals:         0       0       0       0
Total ram usage:        0 bytes
 Hardware stack levels used:    1
 Hardware stack levels required when called:    1
 This function calls:
		Nothing
 This function is called by:
		_i2c_trig_start
		_i2c_trig_stop
		_hyt221_launch_acq
		_hyt221_operation
 This function uses a non-reentrant model


 *************** function _i2c_wait_idle *****************
 Defined at:
		line 46 in file "i2c.c"
 Parameters:    Size  Location     Type
		None
 Auto vars:     Size  Location     Type
		None
 Return value:  Size  Location     Type
		None               void
 Registers used:
		wreg, status,2, status,0
 Tracked objects:
		On entry : 
		On exit  : 
		Unchanged: 
 Data sizes:     COMRAM   BANK0   BANK1   BANK2
      Params:         0       0       0       0
      Locals:         0       0       0       0
      Temps:          1       0       0       0
      Totals:         1       0       0       0
Total ram usage:        1 bytes
 Hardware stack levels used:    1
 Hardware stack levels required when called:    1
 This function calls:
		Nothing
 This function is called by:
		_i2c_trig_start
		_hyt221_launch_acq
		_hyt221_operation
 This function uses a non-reentrant model


 *************** function _hyt221_getTemp *****************
 Defined at:
		line 118 in file "hyt221.c"
 Parameters:    Size  Location     Type
		None
 Auto vars:     Size  Location     Type
  temp_raw        2   20[COMRAM] unsigned int 
 Return value:  Size  Location     Type
                  2   16[COMRAM] unsigned int 
 Registers used:
		wreg, status,2, status,0
 Tracked objects:
		On entry : 
		On exit  : 
		Unchanged: 
 Data sizes:     COMRAM   BANK0   BANK1   BANK2
      Params:         2       0       0       0
      Locals:         2       0       0       0
      Temps:          2       0       0       0
      Totals:         6       0       0       0
Total ram usage:        6 bytes
 Hardware stack levels used:    1
 Hardware stack levels required when called:    1
 This function calls:
		Nothing
 This function is called by:
		_main_loop
 This function uses a non-reentrant model


 *************** function _hyt221_getHumidity *****************
 Defined at:
		line 126 in file "hyt221.c"
 Parameters:    Size  Location     Type
		None
 Auto vars:     Size  Location     Type
  humidity_raw    2   18[COMRAM] unsigned int 
 Return value:  Size  Location     Type
                  2   16[COMRAM] unsigned int 
 Registers used:
		wreg, status,2, status,0
 Tracked objects:
		On entry : 
		On exit  : 
		Unchanged: 
 Data sizes:     COMRAM   BANK0   BANK1   BANK2
      Params:         2       0       0       0
      Locals:         2       0       0       0
      Temps:          0       0       0       0
      Totals:         4       0       0       0
Total ram usage:        4 bytes
 Hardware stack levels used:    1
 Hardware stack levels required when called:    1
 This function calls:
		Nothing
 This function is called by:
		_main_loop
 This function uses a non-reentrant model


 *************** function _batt_launch_acq *****************
 Defined at:
		line 235 in file "main.c"
 Parameters:    Size  Location     Type
		None
 Auto vars:     Size  Location     Type
		None
 Return value:  Size  Location     Type
		None               void
 Registers used:
		wreg, status,2, status,0, cstack
 Tracked objects:
		On entry : 
		On exit  : 
		Unchanged: 
 Data sizes:     COMRAM   BANK0   BANK1   BANK2
      Params:         0       0       0       0
      Locals:         0       0       0       0
      Temps:          2       0       0       0
      Totals:         2       0       0       0
Total ram usage:        2 bytes
 Hardware stack levels used:    1
 Hardware stack levels required when called:    2
 This function calls:
		_zb_handle_setbatVolt
 This function is called by:
		_main_loop
 This function uses a non-reentrant model


 *************** function _zb_handle_setbatVolt *****************
 Defined at:
		line 108 in file "zb_handle.c"
 Parameters:    Size  Location     Type
  battVoltage     2   16[COMRAM] unsigned int 
 Auto vars:     Size  Location     Type
		None
 Return value:  Size  Location     Type
		None               void
 Registers used:
		wreg, status,2
 Tracked objects:
		On entry : 
		On exit  : 
		Unchanged: 
 Data sizes:     COMRAM   BANK0   BANK1   BANK2
      Params:         2       0       0       0
      Locals:         0       0       0       0
      Temps:          0       0       0       0
      Totals:         2       0       0       0
Total ram usage:        2 bytes
 Hardware stack levels used:    1
 Hardware stack levels required when called:    1
 This function calls:
		Nothing
 This function is called by:
		_batt_launch_acq
 This function uses a non-reentrant model


 *************** function _i2c_setup *****************
 Defined at:
		line 9 in file "i2c.c"
 Parameters:    Size  Location     Type
		None
 Auto vars:     Size  Location     Type
		None
 Return value:  Size  Location     Type
		None               void
 Registers used:
		wreg, status,2, status,0
 Tracked objects:
		On entry : 
		On exit  : 
		Unchanged: 
 Data sizes:     COMRAM   BANK0   BANK1   BANK2
      Params:         0       0       0       0
      Locals:         0       0       0       0
      Temps:          0       0       0       0
      Totals:         0       0       0       0
Total ram usage:        0 bytes
 Hardware stack levels used:    1
 Hardware stack levels required when called:    1
 This function calls:
		Nothing
 This function is called by:
		_main
 This function uses a non-reentrant model


 *************** function _calibration *****************
 Defined at:
		line 12 in file "osc.c"
 Parameters:    Size  Location     Type
		None
 Auto vars:     Size  Location     Type
  w               1   20[COMRAM] char 
  tryCounter      1   19[COMRAM] char 
 Return value:  Size  Location     Type
		None               void
 Registers used:
		wreg, status,2, status,0, cstack
 Tracked objects:
		On entry : 
		On exit  : 
		Unchanged: 
 Data sizes:     COMRAM   BANK0   BANK1   BANK2
      Params:         0       0       0       0
      Locals:         2       0       0       0
      Temps:          1       0       0       0
      Totals:         3       0       0       0
Total ram usage:        3 bytes
 Hardware stack levels used:    1
 Hardware stack levels required when called:    2
 This function calls:
		_leds_glitch
 This function is called by:
		_main
 This function uses a non-reentrant model


 *************** function _leds_glitch *****************
 Defined at:
		line 17 in file "leds.c"
 Parameters:    Size  Location     Type
  leds            1    wreg     unsigned char 
 Auto vars:     Size  Location     Type
  leds            1   17[COMRAM] unsigned char 
 Return value:  Size  Location     Type
		None               void
 Registers used:
		wreg, status,2, status,0, cstack
 Tracked objects:
		On entry : 
		On exit  : 
		Unchanged: 
 Data sizes:     COMRAM   BANK0   BANK1   BANK2
      Params:         0       0       0       0
      Locals:         1       0       0       0
      Temps:          1       0       0       0
      Totals:         2       0       0       0
Total ram usage:        2 bytes
 Hardware stack levels used:    1
 Hardware stack levels required when called:    1
 This function calls:
		Nothing
 This function is called by:
		_main_loop
		_zb_handle
		_hyt221_launch_acq
		_hyt221_operation
		_calibration
 This function uses a non-reentrant model


 *************** function _isr_hi *****************
 Defined at:
		line 17 in file "interrupt.c"
 Parameters:    Size  Location     Type
		None
 Auto vars:     Size  Location     Type
  dummy           1   15[COMRAM] unsigned char 
 Return value:  Size  Location     Type
		None               void
 Registers used:
		wreg, fsr2l, fsr2h, status,2, status,0, prodl, prodh
 Tracked objects:
		On entry : 
		On exit  : 
		Unchanged: 
 Data sizes:     COMRAM   BANK0   BANK1   BANK2
      Params:         0       0       0       0
      Locals:         1       0       0       0
      Temps:         15       0       0       0
      Totals:        16       0       0       0
Total ram usage:       16 bytes
 Hardware stack levels used:    1
 This function calls:
		Nothing
 This function is called by:
		Interrupt level 2
 This function uses a non-reentrant model



MODULE INFORMATION

Module		Function		Class		Link	Load	Size
zb.c
		_zb_doChecksum 		CODE           	09B8	0000	42
		_zb_decodage   		CODE           	001C	0000	440

zb.c estimated size: 482

uart.c
		_uart_write    		CODE           	08E0	0000	62
		_uart_read     		CODE           	0748	0000	96
		_uart_setup    		CODE           	0A70	0000	30

uart.c estimated size: 188

timer.c
		_timer0_wait_65		CODE           	0A4E	0000	34
		_timer0_wait_26		CODE           	0A2C	0000	34
		_timer0_wait_re		CODE           	0AC0	0000	18

timer.c estimated size: 86

i2c.c
		_i2c_setup     		CODE           	095A	0000	48
		_i2c_wait_ready		CODE           	0AD2	0000	18
		_i2c_trig_stop 		CODE           	0B38	0000	8
		_i2c_trig_start		CODE           	0B2C	0000	12
		_i2c_wait_idle 		CODE           	0AE4	0000	16

i2c.c estimated size: 102

hyt221.c
		_hyt221_operati		CODE           	0628	0000	148
		_hyt221_launch_		CODE           	09E2	0000	40
		_hyt221_getTemp		CODE           	098A	0000	46
		_hyt221_getHumi		CODE           	0AAC	0000	20

hyt221.c estimated size: 254

zb_handle.c
		_zb_handle_rese		CODE           	0B10	0000	14
		_zigbee_appendC		CODE           	07A8	0000	90
		_zb_handle_send		CODE           	06BC	0000	140
		_zb_handle_setT		CODE           	0AF4	0000	14
		_zb_handle_setH		CODE           	0B02	0000	14
		_zb_handle_getS		CODE           	0B40	0000	4
		_zb_handle     		CODE           	0482	0000	224
		_zb_handle_setb		CODE           	0B1E	0000	14
		_zb_handle_wait		CODE           	091E	0000	60

zb_handle.c estimated size: 574

interrupt.c
		_isr_hi        		CODE           	0008	0000	1146

interrupt.c estimated size: 1146

shared
		__initializatio		CODE           	089E	0000	56

shared estimated size: 56

leds.c
		_leds_glitch   		CODE           	0A8E	0000	30

leds.c estimated size: 30

main.c
		_main_loop     		CODE           	01D4	0000	368
		_main          		CODE           	0802	0000	84
		_batt_launch_ac		CODE           	0856	0000	72

main.c estimated size: 524

osc.c
		_calibration   		CODE           	0562	0000	198

osc.c estimated size: 198

